Archive member included to satisfy reference by file (symbol)

/usr/lib/gcc/arm-none-eabi/13.2.1/../../../arm-none-eabi/lib/thumb/v7e-m+fp/hard/libc.a(libc_a-memset.o)
                              /usr/lib/gcc/arm-none-eabi/13.2.1/../../../arm-none-eabi/lib/thumb/v7e-m+fp/hard/crt0.o (memset)
/usr/lib/gcc/arm-none-eabi/13.2.1/../../../arm-none-eabi/lib/thumb/v7e-m+fp/hard/libc.a(libc_a-init.o)
                              /usr/lib/gcc/arm-none-eabi/13.2.1/../../../arm-none-eabi/lib/thumb/v7e-m+fp/hard/crt0.o (__libc_init_array)
/usr/lib/gcc/arm-none-eabi/13.2.1/../../../arm-none-eabi/lib/thumb/v7e-m+fp/hard/libc.a(libc_a-exit.o)
                              /usr/lib/gcc/arm-none-eabi/13.2.1/../../../arm-none-eabi/lib/thumb/v7e-m+fp/hard/crt0.o (exit)
/usr/lib/gcc/arm-none-eabi/13.2.1/../../../arm-none-eabi/lib/thumb/v7e-m+fp/hard/libc.a(libc_a-atexit.o)
                              /usr/lib/gcc/arm-none-eabi/13.2.1/../../../arm-none-eabi/lib/thumb/v7e-m+fp/hard/crt0.o (atexit)
/usr/lib/gcc/arm-none-eabi/13.2.1/../../../arm-none-eabi/lib/thumb/v7e-m+fp/hard/libc.a(libc_a-fini.o)
                              /usr/lib/gcc/arm-none-eabi/13.2.1/../../../arm-none-eabi/lib/thumb/v7e-m+fp/hard/crt0.o (__libc_fini_array)
/usr/lib/gcc/arm-none-eabi/13.2.1/../../../arm-none-eabi/lib/thumb/v7e-m+fp/hard/libc.a(libc_a-__call_atexit.o)
                              /usr/lib/gcc/arm-none-eabi/13.2.1/../../../arm-none-eabi/lib/thumb/v7e-m+fp/hard/libc.a(libc_a-exit.o) (__call_exitprocs)
/usr/lib/gcc/arm-none-eabi/13.2.1/../../../arm-none-eabi/lib/thumb/v7e-m+fp/hard/libc.a(libc_a-__atexit.o)
                              /usr/lib/gcc/arm-none-eabi/13.2.1/../../../arm-none-eabi/lib/thumb/v7e-m+fp/hard/libc.a(libc_a-atexit.o) (__register_exitproc)
/usr/lib/gcc/arm-none-eabi/13.2.1/../../../arm-none-eabi/lib/thumb/v7e-m+fp/hard/libc.a(libc_a-findfp.o)
                              /usr/lib/gcc/arm-none-eabi/13.2.1/../../../arm-none-eabi/lib/thumb/v7e-m+fp/hard/libc.a(libc_a-exit.o) (__stdio_exit_handler)
/usr/lib/gcc/arm-none-eabi/13.2.1/../../../arm-none-eabi/lib/thumb/v7e-m+fp/hard/libc.a(libc_a-fwalk.o)
                              /usr/lib/gcc/arm-none-eabi/13.2.1/../../../arm-none-eabi/lib/thumb/v7e-m+fp/hard/libc.a(libc_a-findfp.o) (_fwalk_sglue)
/usr/lib/gcc/arm-none-eabi/13.2.1/../../../arm-none-eabi/lib/thumb/v7e-m+fp/hard/libc.a(libc_a-impure.o)
                              /usr/lib/gcc/arm-none-eabi/13.2.1/../../../arm-none-eabi/lib/thumb/v7e-m+fp/hard/libc.a(libc_a-findfp.o) (_impure_data)
/usr/lib/gcc/arm-none-eabi/13.2.1/../../../arm-none-eabi/lib/thumb/v7e-m+fp/hard/libc.a(libc_a-mallocr.o)
                              /usr/lib/gcc/arm-none-eabi/13.2.1/../../../arm-none-eabi/lib/thumb/v7e-m+fp/hard/libc.a(libc_a-findfp.o) (_malloc_r)
/usr/lib/gcc/arm-none-eabi/13.2.1/../../../arm-none-eabi/lib/thumb/v7e-m+fp/hard/libc.a(libc_a-freer.o)
                              /usr/lib/gcc/arm-none-eabi/13.2.1/../../../arm-none-eabi/lib/thumb/v7e-m+fp/hard/libc.a(libc_a-mallocr.o) (_free_r)
/usr/lib/gcc/arm-none-eabi/13.2.1/../../../arm-none-eabi/lib/thumb/v7e-m+fp/hard/libc.a(libc_a-fclose.o)
                              /usr/lib/gcc/arm-none-eabi/13.2.1/../../../arm-none-eabi/lib/thumb/v7e-m+fp/hard/libc.a(libc_a-findfp.o) (_fclose_r)
/usr/lib/gcc/arm-none-eabi/13.2.1/../../../arm-none-eabi/lib/thumb/v7e-m+fp/hard/libc.a(libc_a-sysconf.o)
                              /usr/lib/gcc/arm-none-eabi/13.2.1/../../../arm-none-eabi/lib/thumb/v7e-m+fp/hard/libc.a(libc_a-mallocr.o) (sysconf)
/usr/lib/gcc/arm-none-eabi/13.2.1/../../../arm-none-eabi/lib/thumb/v7e-m+fp/hard/libc.a(libc_a-stdio.o)
                              /usr/lib/gcc/arm-none-eabi/13.2.1/../../../arm-none-eabi/lib/thumb/v7e-m+fp/hard/libc.a(libc_a-findfp.o) (__sread)
/usr/lib/gcc/arm-none-eabi/13.2.1/../../../arm-none-eabi/lib/thumb/v7e-m+fp/hard/libc.a(libc_a-writer.o)
                              /usr/lib/gcc/arm-none-eabi/13.2.1/../../../arm-none-eabi/lib/thumb/v7e-m+fp/hard/libc.a(libc_a-stdio.o) (_write_r)
/usr/lib/gcc/arm-none-eabi/13.2.1/../../../arm-none-eabi/lib/thumb/v7e-m+fp/hard/libc.a(libc_a-mlock.o)
                              /usr/lib/gcc/arm-none-eabi/13.2.1/../../../arm-none-eabi/lib/thumb/v7e-m+fp/hard/libc.a(libc_a-mallocr.o) (__malloc_lock)
/usr/lib/gcc/arm-none-eabi/13.2.1/../../../arm-none-eabi/lib/thumb/v7e-m+fp/hard/libc.a(libc_a-sbrkr.o)
                              /usr/lib/gcc/arm-none-eabi/13.2.1/../../../arm-none-eabi/lib/thumb/v7e-m+fp/hard/libc.a(libc_a-mallocr.o) (_sbrk_r)
/usr/lib/gcc/arm-none-eabi/13.2.1/../../../arm-none-eabi/lib/thumb/v7e-m+fp/hard/libc.a(libc_a-closer.o)
                              /usr/lib/gcc/arm-none-eabi/13.2.1/../../../arm-none-eabi/lib/thumb/v7e-m+fp/hard/libc.a(libc_a-stdio.o) (_close_r)
/usr/lib/gcc/arm-none-eabi/13.2.1/../../../arm-none-eabi/lib/thumb/v7e-m+fp/hard/libc.a(libc_a-fflush.o)
[...]
Memory Configuration

Name             Origin             Length             Attributes
FLASH            0x000f4000         0x00009800         xr
BOOTLOADER_CONFIG 0x000fd800         0x00000800         r
MBR_PARAMS_PAGE  0x000fe000         0x00001000         rw
BOOTLOADER_SETTINGS 0x000ff000         0x00001000         rw
RAM              0x20008000         0x00038000         xrw
DBL_RESET        0x20007f7c         0x00000004         xrw
NOINIT           0x20007f80         0x00000080         xrw
UICR_BOOTLOADER  0x10001014         0x00000004         r
UICR_MBR_PARAM_PAGE 0x10001018         0x00000004         r
*default*        0x00000000         0xffffffff

Linker script and memory map

LOAD /usr/lib/gcc/arm-none-eabi/13.2.1/thumb/v7e-m+fp/hard/crti.o
LOAD /usr/lib/gcc/arm-none-eabi/13.2.1/thumb/v7e-m+fp/hard/crtbegin.o
LOAD /usr/lib/gcc/arm-none-eabi/13.2.1/../../../arm-none-eabi/lib/thumb/v7e-m+fp/hard/crt0.o
START GROUP
LOAD /usr/lib/gcc/arm-none-eabi/13.2.1/thumb/v7e-m+fp/hard/libgcc.a
LOAD /usr/lib/gcc/arm-none-eabi/13.2.1/../../../arm-none-eabi/lib/thumb/v7e-m+fp/hard/libc.a
LOAD /usr/lib/gcc/arm-none-eabi/13.2.1/../../../arm-none-eabi/lib/thumb/v7e-m+fp/hard/libnosys.a
END GROUP

.fs_data_out    0x00000000        0x0
                [!provide]                        PROVIDE (__start_fs_data = .)
 *(fs_data)
                [!provide]                        PROVIDE (__stop_fs_data = .)

.bootloaderConfig
                0x000fd800       0x58
 *(.bootloaderConfig)
 .bootloaderConfig
                0x000fd800       0x58 _build/build-tk_kb_18010/pinconfig.o
                0x000fd800                bootloaderConfig

.bootloaderSettings
                0x000ff000     0x1000
 .bootloaderSettings
                0x000ff000     0x1000 _build/build-tk_kb_18010/bootloader_settings.o
                0x000ff000                m_boot_settings

.uicrBootStartAddress
                0x10001014        0x4
 *(.uicrBootStartAddress)
 .uicrBootStartAddress
                0x10001014        0x4 _build/build-tk_kb_18010/bootloader_settings.o
                0x10001014                m_uicr_bootloader_start_address

.mbrParamsPage

.uicrMbrParamsPageAddress
                0x10001018        0x4
 *(.uicrMbrParamsPageAddress)
 .uicrMbrParamsPageAddress
                0x10001018        0x4 _build/build-tk_kb_18010/bootloader_settings.o
                0x10001018                m_uicr_mbr_params_page_address

.dbl_reset

.noinit         0x20007f80       0x3e
 .noinit        0x20007f80       0x3e _build/build-tk_kb_18010/dfu_ble_svc.o

.text           0x000f4000     0x7db8
 *(.isr_vector)
 .isr_vector    0x000f4000      0x200 _build/build-tk_kb_18010/gcc_startup_nrf52840.o
                0x000f4000                __isr_vector
 *(.text*)
 .text          0x000f4200       0x88 /usr/lib/gcc/arm-none-eabi/13.2.1/thumb/v7e-m+fp/hard/crtbegin.o
 .text          0x000f4288       0x70 /usr/lib/gcc/arm-none-eabi/13.2.1/../../../arm-none-eabi/lib/thumb/v7e-m+fp/hard/crt0.o
                0x000f4288                _stack_init
                0x000f4290                _mainCRTStartup
                0x000f4290                _start
 .text          0x000f42f8       0xa4 /usr/lib/gcc/arm-none-eabi/13.2.1/../../../arm-none-eabi/lib/thumb/v7e-m+fp/hard/libc.a(libc_a-memset.o)
                0x000f42f8                memset
 .text          0x000f439c       0x50 /usr/lib/gcc/arm-none-eabi/13.2.1/../../../arm-none-eabi/lib/thumb/v7e-m+fp/hard/libc.a(libc_a-init.o)
                0x000f439c                __libc_init_array
 .text          0x000f43ec       0x1c /usr/lib/gcc/arm-none-eabi/13.2.1/../../../arm-none-eabi/lib/thumb/v7e-m+fp/hard/libc.a(libc_a-exit.o)
                0x000f43ec                exit
 .text          0x000f4408        0xc /usr/lib/gcc/arm-none-eabi/13.2.1/../../../arm-none-eabi/lib/thumb/v7e-m+fp/hard/libc.a(libc_a-atexit.o)
                0x000f4408                atexit
 .text          0x000f4414       0x28 /usr/lib/gcc/arm-none-eabi/13.2.1/../../../arm-none-eabi/lib/thumb/v7e-m+fp/hard/libc.a(libc_a-fini.o)
                0x000f4414                __libc_fini_array
 .text          0x000f443c       0xb0 /usr/lib/gcc/arm-none-eabi/13.2.1/../../../arm-none-eabi/lib/thumb/v7e-m+fp/hard/libc.a(libc_a-__call_atexit.o)
                0x000f443c                __call_exitprocs
 .text.startup  0x000f44ec       0x14 /usr/lib/gcc/arm-none-eabi/13.2.1/../../../arm-none-eabi/lib/thumb/v7e-m+fp/hard/libc.a(libc_a-__call_atexit.o)
 .text          0x000f4500       0x64 /usr/lib/gcc/arm-none-eabi/13.2.1/../../../arm-none-eabi/lib/thumb/v7e-m+fp/hard/libc.a(libc_a-__atexit.o)
                0x000f4500                __register_exitproc
 .text          0x000f4564        0x4 /usr/lib/gcc/arm-none-eabi/13.2.1/../../../arm-none-eabi/lib/thumb/v7e-m+fp/hard/libnosys.a(_exit.o)
                0x000f4564                _exit
 .text.C_SVC_Handler
                0x000f4568       0x4c _build/build-tk_kb_18010/dfu_ble_svc.o
                0x000f4568                C_SVC_Handler
 .text.SVC_Handler
                0x000f45b4       0x24 _build/build-tk_kb_18010/dfu_ble_svc.o
                0x000f45b4                SVC_Handler
 .text.dfu_ble_peer_data_get
                0x000f45d8       0x44 _build/build-tk_kb_18010/dfu_ble_svc.o
                0x000f45d8                dfu_ble_peer_data_get
 .text.dfu_init_prevalidate
                0x000f461c       0x74 _build/build-tk_kb_18010/dfu_init.o
                0x000f461c                dfu_init_prevalidate
 .text.dfu_init_postvalidate
                0x000f4690       0x1c _build/build-tk_kb_18010/dfu_init.o
                0x000f4690                dfu_init_postvalidate
 .text.flash_nrf5x_flush
                0x000f46ac       0x3c _build/build-tk_kb_18010/flash_nrf5x.o
                0x000f46ac                flash_nrf5x_flush
 .text.flash_nrf5x_write
                0x000f46e8       0x50 _build/build-tk_kb_18010/flash_nrf5x.o
                0x000f46e8                flash_nrf5x_write
 .text.NVIC_SystemReset
                0x000f4738       0x24 _build/build-tk_kb_18010/main.o
 .text.sd_evt_get
                0x000f475c        0x4 _build/build-tk_kb_18010/main.o
 .text.sd_softdevice_enable
                0x000f4760        0x4 _build/build-tk_kb_18010/main.o
 .text.sd_softdevice_disable
                0x000f4764        0x4 _build/build-tk_kb_18010/main.o
 .text.sd_softdevice_vector_table_base_set
                0x000f4768        0x4 _build/build-tk_kb_18010/main.o
 .text.sd_mbr_command
                0x000f476c        0x4 _build/build-tk_kb_18010/main.o
 .text.sd_ble_enable
                0x000f4770        0x4 _build/build-tk_kb_18010/main.o
 .text.sd_ble_cfg_set
                0x000f4774        0x4 _build/build-tk_kb_18010/main.o
 .text.sd_ble_evt_get
                0x000f4778        0x4 _build/build-tk_kb_18010/main.o
 .text.mbr_init_sd
                0x000f477c       0x1a _build/build-tk_kb_18010/main.o
 .text.app_error_fault_handler
                0x000f4796       0x14 _build/build-tk_kb_18010/main.o
                0x000f4796                app_error_fault_handler
 *fill*         0x000f47aa        0x2 
 .text.is_ota   0x000f47ac        0xc _build/build-tk_kb_18010/main.o
                0x000f47ac                is_ota
 .text.startup.main
                0x000f47b8      0x328 _build/build-tk_kb_18010/main.o
                0x000f47b8                main
 .text.proc_ble
                0x000f4ae0       0x50 _build/build-tk_kb_18010/main.o
                0x000f4ae0                proc_ble
 .text.proc_soc
                0x000f4b30       0x30 _build/build-tk_kb_18010/main.o
                0x000f4b30                proc_soc
 .text.proc_sd_task
                0x000f4b60       0x14 _build/build-tk_kb_18010/main.o
                0x000f4b60                proc_sd_task
 .text.SWI2_EGU2_IRQHandler
                0x000f4b74       0x10 _build/build-tk_kb_18010/main.o
                0x000f4b74                SWI2_EGU2_IRQHandler
 .text.button_init
                0x000f4b84       0x24 _build/build-tk_kb_18010/boards.o
                0x000f4b84                button_init
 .text.button_pressed
                0x000f4ba8       0x24 _build/build-tk_kb_18010/boards.o
                0x000f4ba8                button_pressed
 .text.board_init2
                0x000f4bcc        0x2 _build/build-tk_kb_18010/boards.o
                0x000f4bcc                board_init2
 .text.board_teardown2
                0x000f4bce        0x2 _build/build-tk_kb_18010/boards.o
                0x000f4bce                board_teardown2
 .text.pwm_teardown
                0x000f4bd0       0x3e _build/build-tk_kb_18010/boards.o
                0x000f4bd0                pwm_teardown
 *fill*         0x000f4c0e        0x2 
 .text.led_pwm_init
                0x000f4c10       0x7c _build/build-tk_kb_18010/boards.o
                0x000f4c10                led_pwm_init
 .text.board_init
                0x000f4c8c       0x8c _build/build-tk_kb_18010/boards.o
                0x000f4c8c                board_init
 .text.led_pwm_teardown
                0x000f4d18        0xc _build/build-tk_kb_18010/boards.o
                0x000f4d18                led_pwm_teardown
 .text.board_teardown
                0x000f4d24       0x6c _build/build-tk_kb_18010/boards.o
                0x000f4d24                board_teardown
 .text.led_pwm_duty_cycle
                0x000f4d90       0x28 _build/build-tk_kb_18010/boards.o
                0x000f4d90                led_pwm_duty_cycle
 .text.led_tick
                0x000f4db8       0x34 _build/build-tk_kb_18010/boards.o
                0x000f4db8                led_tick
 .text.SysTick_Handler
                0x000f4dec       0x10 _build/build-tk_kb_18010/boards.o
                0x000f4dec                SysTick_Handler
 .text.led_state
                0x000f4dfc       0x78 _build/build-tk_kb_18010/boards.o
                0x000f4dfc                led_state
 .text.nrf_power_event_get_and_clear.constprop.0
                0x000f4e74       0x20 _build/build-tk_kb_18010/nrfx_power.o
 .text.nrfx_power_init
                0x000f4e94       0x50 _build/build-tk_kb_18010/nrfx_power.o
                0x000f4e94                nrfx_power_init
 .text.nrfx_power_usbevt_init
                0x000f4ee4        0xc _build/build-tk_kb_18010/nrfx_power.o
                0x000f4ee4                nrfx_power_usbevt_init
 .text.nrfx_power_usbevt_enable
                0x000f4ef0        0xe _build/build-tk_kb_18010/nrfx_power.o
                0x000f4ef0                nrfx_power_usbevt_enable
 *fill*         0x000f4efe        0x2 
 .text.POWER_CLOCK_IRQHandler
                0x000f4f00       0xa0 _build/build-tk_kb_18010/nrfx_power.o
                0x000f4f00                POWER_CLOCK_IRQHandler
 .text.nvmc_word_write
                0x000f4fa0       0x18 _build/build-tk_kb_18010/nrfx_nvmc.o
 .text.nrfx_nvmc_page_erase
                0x000f4fb8       0x40 _build/build-tk_kb_18010/nrfx_nvmc.o
                0x000f4fb8                nrfx_nvmc_page_erase
 .text.nrfx_nvmc_words_write
                0x000f4ff8       0x34 _build/build-tk_kb_18010/nrfx_nvmc.o
                0x000f4ff8                nrfx_nvmc_words_write
 .text.NVIC_SystemReset
                0x000f502c       0x24 _build/build-tk_kb_18010/system_nrf52840.o
 .text.errata_98
                0x000f5050       0x1a _build/build-tk_kb_18010/system_nrf52840.o
 *fill*         0x000f506a        0x2 
 .text.SystemInit
                0x000f506c      0x1f4 _build/build-tk_kb_18010/system_nrf52840.o
                0x000f506c                SystemInit
 .text.sd_softdevice_vector_table_base_set
                0x000f5260        0x4 _build/build-tk_kb_18010/bootloader.o
 .text.sd_mbr_command
                0x000f5264        0x4 _build/build-tk_kb_18010/bootloader.o
 .text.pstorage_callback_handler
                0x000f5268       0x20 _build/build-tk_kb_18010/bootloader.o
 .text.bootloader_settings_save.constprop.0
                0x000f5288       0x5c _build/build-tk_kb_18010/bootloader.o
 .text.wait_for_events
                0x000f52e4       0x58 _build/build-tk_kb_18010/bootloader.o
 .text.bootloader_app_is_valid
                0x000f533c       0x54 _build/build-tk_kb_18010/bootloader.o
                0x000f533c                bootloader_app_is_valid
 .text.bootloader_dfu_update_process
                0x000f5390       0xfc _build/build-tk_kb_18010/bootloader.o
                0x000f5390                bootloader_dfu_update_process
 .text.dfu_startup_timer_handler
                0x000f548c       0x3c _build/build-tk_kb_18010/bootloader.o
 .text.bootloader_init
                0x000f54c8       0x30 _build/build-tk_kb_18010/bootloader.o
                0x000f54c8                bootloader_init
 .text.bootloader_dfu_start
                0x000f54f8       0x78 _build/build-tk_kb_18010/bootloader.o
                0x000f54f8                bootloader_dfu_start
 .text.bootloader_app_start
                0x000f5570       0x58 _build/build-tk_kb_18010/bootloader.o
                0x000f5570                bootloader_app_start
 .text.bootloader_dfu_sd_in_progress
                0x000f55c8       0x24 _build/build-tk_kb_18010/bootloader.o
                0x000f55c8                bootloader_dfu_sd_in_progress
 .text.bootloader_dfu_sd_update_continue
                0x000f55ec       0x4c _build/build-tk_kb_18010/bootloader.o
                0x000f55ec                bootloader_dfu_sd_update_continue
 .text.bootloader_dfu_sd_update_finalize
                0x000f5638       0x2c _build/build-tk_kb_18010/bootloader.o
                0x000f5638                bootloader_dfu_sd_update_finalize
 .text.bootloader_settings_get
                0x000f5664       0x30 _build/build-tk_kb_18010/bootloader.o
                0x000f5664                bootloader_settings_get
 .text.bootloader_util_settings_get
                0x000f5694        0xc _build/build-tk_kb_18010/bootloader_settings.o
                0x000f5694                bootloader_util_settings_get
 .text.bootloader_util_reset
                0x000f56a0       0x3c _build/build-tk_kb_18010/bootloader_util.o
 .text.bootloader_util_app_start
                0x000f56dc        0x4 _build/build-tk_kb_18010/bootloader_util.o
                0x000f56dc                bootloader_util_app_start
 .text.rpc_transport_event_handler
                0x000f56e0       0x88 _build/build-tk_kb_18010/dfu_transport_serial.o
                0x000f56e0                rpc_transport_event_handler
 .text.dfu_cb_handler
                0x000f5768        0xa _build/build-tk_kb_18010/dfu_transport_serial.o
 *fill*         0x000f5772        0x2 
 .text.data_queue_element_free
                0x000f5774       0x38 _build/build-tk_kb_18010/dfu_transport_serial.o
 .text.process_dfu_packet
                0x000f57ac       0x90 _build/build-tk_kb_18010/dfu_transport_serial.o
 .text.dfu_transport_serial_update_start
                0x000f583c       0x48 _build/build-tk_kb_18010/dfu_transport_serial.o
                0x000f583c                dfu_transport_serial_update_start
 .text.dfu_transport_serial_close
                0x000f5884       0x22 _build/build-tk_kb_18010/dfu_transport_serial.o
                0x000f5884                dfu_transport_serial_close
 .text.uint32_decode
                0x000f58a6        0x4 _build/build-tk_kb_18010/dfu_transport_ble.o
 .text.sd_ble_gap_addr_set
                0x000f58aa        0x4 _build/build-tk_kb_18010/dfu_transport_ble.o
 .text.sd_ble_gap_addr_get
                0x000f58ae        0x4 _build/build-tk_kb_18010/dfu_transport_ble.o
 .text.sd_ble_gap_whitelist_set
                0x000f58b2        0x4 _build/build-tk_kb_18010/dfu_transport_ble.o
 .text.sd_ble_gap_device_identities_set
                0x000f58b6        0x4 _build/build-tk_kb_18010/dfu_transport_ble.o
 .text.sd_ble_gap_adv_set_configure
                0x000f58ba        0x4 _build/build-tk_kb_18010/dfu_transport_ble.o
 .text.sd_ble_gap_adv_start
                0x000f58be        0x4 _build/build-tk_kb_18010/dfu_transport_ble.o
 .text.sd_ble_gap_adv_stop
                0x000f58c2        0x4 _build/build-tk_kb_18010/dfu_transport_ble.o
 .text.sd_ble_gap_disconnect
                0x000f58c6        0x4 _build/build-tk_kb_18010/dfu_transport_ble.o
 .text.sd_ble_gap_tx_power_set
                0x000f58ca        0x4 _build/build-tk_kb_18010/dfu_transport_ble.o
 .text.sd_ble_gap_ppcp_set
                0x000f58ce        0x4 _build/build-tk_kb_18010/dfu_transport_ble.o
 .text.sd_ble_gap_device_name_set
                0x000f58d2        0x4 _build/build-tk_kb_18010/dfu_transport_ble.o
 .text.sd_ble_gap_sec_params_reply
                0x000f58d6        0x4 _build/build-tk_kb_18010/dfu_transport_ble.o
 .text.sd_ble_gap_sec_info_reply
                0x000f58da        0x4 _build/build-tk_kb_18010/dfu_transport_ble.o
 .text.sd_ble_gap_phy_update
                0x000f58de        0x4 _build/build-tk_kb_18010/dfu_transport_ble.o
 .text.sd_ble_gap_data_length_update
                0x000f58e2        0x4 _build/build-tk_kb_18010/dfu_transport_ble.o
 .text.sd_ble_gatts_service_changed
                0x000f58e6        0x4 _build/build-tk_kb_18010/dfu_transport_ble.o
 .text.sd_ble_gatts_rw_authorize_reply
                0x000f58ea        0x4 _build/build-tk_kb_18010/dfu_transport_ble.o
 .text.sd_ble_gatts_sys_attr_set
                0x000f58ee        0x4 _build/build-tk_kb_18010/dfu_transport_ble.o
 .text.sd_ble_gatts_sys_attr_get
                0x000f58f2        0x4 _build/build-tk_kb_18010/dfu_transport_ble.o
 .text.sd_ble_gatts_exchange_mtu_reply
                0x000f58f6        0x4 _build/build-tk_kb_18010/dfu_transport_ble.o
 .text.sd_ble_uuid_encode
                0x000f58fa        0x4 _build/build-tk_kb_18010/dfu_transport_ble.o
 .text.sd_ble_user_mem_reply
                0x000f58fe        0x4 _build/build-tk_kb_18010/dfu_transport_ble.o
 .text.nrf_err_code_translate
                0x000f5902       0x34 _build/build-tk_kb_18010/dfu_transport_ble.o
 .text.service_error_handler
                0x000f5936        0x4 _build/build-tk_kb_18010/dfu_transport_ble.o
 .text.dfu_error_notify
                0x000f593a       0x20 _build/build-tk_kb_18010/dfu_transport_ble.o
 *fill*         0x000f595a        0x2 
 .text.dfu_cb_handler
                0x000f595c       0x68 _build/build-tk_kb_18010/dfu_transport_ble.o
 .text.advertising_add.constprop.0
                0x000f59c4       0x30 _build/build-tk_kb_18010/dfu_transport_ble.o
 .text.advertising_start
                0x000f59f4      0x168 _build/build-tk_kb_18010/dfu_transport_ble.o
 .text.ble_evt_dispatch
                0x000f5b5c      0x2cc _build/build-tk_kb_18010/dfu_transport_ble.o
                0x000f5b5c                ble_evt_dispatch
 .text.dfu_transport_ble_update_start
                0x000f5e28      0x148 _build/build-tk_kb_18010/dfu_transport_ble.o
                0x000f5e28                dfu_transport_ble_update_start
 .text.dfu_transport_ble_close
                0x000f5f70       0x50 _build/build-tk_kb_18010/dfu_transport_ble.o
                0x000f5f70                dfu_transport_ble_close
 .text.on_dfu_evt
                0x000f5fc0      0x268 _build/build-tk_kb_18010/dfu_transport_ble.o
 .text.sd_mbr_command
                0x000f6228        0x4 _build/build-tk_kb_18010/dfu_single_bank.o
 .text.pstorage_callback_handler
                0x000f622c       0x64 _build/build-tk_kb_18010/dfu_single_bank.o
 .text.dfu_activate_app
                0x000f6290       0x40 _build/build-tk_kb_18010/dfu_single_bank.o
 .text.dfu_activate_bl
                0x000f62d0       0x3c _build/build-tk_kb_18010/dfu_single_bank.o
 .text.dfu_activate_sd
                0x000f630c       0x54 _build/build-tk_kb_18010/dfu_single_bank.o
 .text.dfu_cleared_func_app
                0x000f6360       0x26 _build/build-tk_kb_18010/dfu_single_bank.o
 *fill*         0x000f6386        0x2 
 .text.dfu_prepare_func_app_erase
                0x000f6388       0x7c _build/build-tk_kb_18010/dfu_single_bank.o
 .text.dfu_sd_img_block_swap
                0x000f6404       0x5c _build/build-tk_kb_18010/dfu_single_bank.o
 .text.dfu_init
                0x000f6460       0x60 _build/build-tk_kb_18010/dfu_single_bank.o
                0x000f6460                dfu_init
 .text.dfu_register_callback
                0x000f64c0        0xc _build/build-tk_kb_18010/dfu_single_bank.o
                0x000f64c0                dfu_register_callback
 .text.dfu_start_pkt_handle
                0x000f64cc       0xb8 _build/build-tk_kb_18010/dfu_single_bank.o
                0x000f64cc                dfu_start_pkt_handle
 .text.dfu_data_pkt_handle
                0x000f6584       0xcc _build/build-tk_kb_18010/dfu_single_bank.o
                0x000f6584                dfu_data_pkt_handle
 .text.dfu_init_pkt_complete
                0x000f6650       0x44 _build/build-tk_kb_18010/dfu_single_bank.o
                0x000f6650                dfu_init_pkt_complete
 .text.dfu_init_pkt_handle
                0x000f6694       0x58 _build/build-tk_kb_18010/dfu_single_bank.o
                0x000f6694                dfu_init_pkt_handle
 .text.dfu_image_validate
                0x000f66ec       0x40 _build/build-tk_kb_18010/dfu_single_bank.o
                0x000f66ec                dfu_image_validate
 .text.dfu_image_activate
                0x000f672c       0x1c _build/build-tk_kb_18010/dfu_single_bank.o
                0x000f672c                dfu_image_activate
 .text.dfu_reset
                0x000f6748       0x1c _build/build-tk_kb_18010/dfu_single_bank.o
                0x000f6748                dfu_reset
 .text.dfu_sd_image_swap
                0x000f6764       0x98 _build/build-tk_kb_18010/dfu_single_bank.o
                0x000f6764                dfu_sd_image_swap
 .text.dfu_bl_image_swap
                0x000f67fc       0x48 _build/build-tk_kb_18010/dfu_single_bank.o
                0x000f67fc                dfu_bl_image_swap
 .text.dfu_bl_image_validate
                0x000f6844       0x4c _build/build-tk_kb_18010/dfu_single_bank.o
                0x000f6844                dfu_bl_image_validate
 .text.dfu_sd_image_validate
                0x000f6890       0x64 _build/build-tk_kb_18010/dfu_single_bank.o
                0x000f6890                dfu_sd_image_validate
 .text.sd_ble_gatts_service_add
                0x000f68f4        0x4 _build/build-tk_kb_18010/ble_dfu.o
 .text.sd_ble_gatts_characteristic_add
                0x000f68f8        0x4 _build/build-tk_kb_18010/ble_dfu.o
 .text.sd_ble_gatts_value_get
                0x000f68fc        0x4 _build/build-tk_kb_18010/ble_dfu.o
 .text.sd_ble_gatts_hvx
                0x000f6900        0x4 _build/build-tk_kb_18010/ble_dfu.o
 .text.sd_ble_gatts_rw_authorize_reply
                0x000f6904        0x4 _build/build-tk_kb_18010/ble_dfu.o
 .text.sd_ble_uuid_vs_add
                0x000f6908        0x4 _build/build-tk_kb_18010/ble_dfu.o
 .text.ble_dfu_init
                0x000f690c      0x20c _build/build-tk_kb_18010/ble_dfu.o
                0x000f690c                ble_dfu_init
 .text.ble_dfu_bytes_rcvd_report
                0x000f6b18       0x78 _build/build-tk_kb_18010/ble_dfu.o
                0x000f6b18                ble_dfu_bytes_rcvd_report
 .text.ble_dfu_pkts_rcpt_notify
                0x000f6b90       0x74 _build/build-tk_kb_18010/ble_dfu.o
                0x000f6b90                ble_dfu_pkts_rcpt_notify
 .text.ble_dfu_response_send
                0x000f6c04       0x68 _build/build-tk_kb_18010/ble_dfu.o
                0x000f6c04                ble_dfu_response_send
 .text.ble_dfu_on_ble_evt
                0x000f6c6c      0x174 _build/build-tk_kb_18010/ble_dfu.o
                0x000f6c6c                ble_dfu_on_ble_evt
 .text.sd_ble_gatts_service_add
                0x000f6de0        0x4 _build/build-tk_kb_18010/ble_dis.o
 .text.sd_ble_gatts_characteristic_add
                0x000f6de4        0x4 _build/build-tk_kb_18010/ble_dis.o
 .text.char_add
                0x000f6de8       0xac _build/build-tk_kb_18010/ble_dis.o
 .text.ble_dis_init
                0x000f6e94       0xd4 _build/build-tk_kb_18010/ble_dis.o
                0x000f6e94                ble_dis_init
 .text.sd_flash_write
                0x000f6f68        0x4 _build/build-tk_kb_18010/pstorage_raw.o
 .text.sd_flash_page_erase
                0x000f6f6c        0x4 _build/build-tk_kb_18010/pstorage_raw.o
 .text.cmd_queue_element_init
                0x000f6f70       0x20 _build/build-tk_kb_18010/pstorage_raw.o
 .text.app_notify
                0x000f6f90       0x24 _build/build-tk_kb_18010/pstorage_raw.o
 .text.cmd_process
                0x000f6fb4       0x70 _build/build-tk_kb_18010/pstorage_raw.o
 .text.cmd_queue_enqueue
                0x000f7024       0x54 _build/build-tk_kb_18010/pstorage_raw.o
 .text.pstorage_sys_event_handler
                0x000f7078       0xa4 _build/build-tk_kb_18010/pstorage_raw.o
                0x000f7078                pstorage_sys_event_handler
 .text.pstorage_init
                0x000f711c       0x3c _build/build-tk_kb_18010/pstorage_raw.o
                0x000f711c                pstorage_init
 .text.pstorage_register
                0x000f7158       0x24 _build/build-tk_kb_18010/pstorage_raw.o
                0x000f7158                pstorage_register
 .text.pstorage_store
                0x000f717c       0x20 _build/build-tk_kb_18010/pstorage_raw.o
                0x000f717c                pstorage_store
 .text.pstorage_clear
                0x000f719c       0x16 _build/build-tk_kb_18010/pstorage_raw.o
                0x000f719c                pstorage_clear
 *fill*         0x000f71b2        0x2 
 .text.user_op_alloc
                0x000f71b4       0x2c _build/build-tk_kb_18010/app_timer.o
 .text.timeout_handler_scheduled_exec
                0x000f71e0       0x18 _build/build-tk_kb_18010/app_timer.o
 .text.timer_stop_op_schedule
                0x000f71f8       0x50 _build/build-tk_kb_18010/app_timer.o
 .text.nrf_delay_us.part.0.constprop.0
                0x000f7248       0x8c _build/build-tk_kb_18010/app_timer.o
 .text.rtc1_stop
                0x000f72d4       0x44 _build/build-tk_kb_18010/app_timer.o
 .text.RTC1_IRQHandler
                0x000f7318       0xbc _build/build-tk_kb_18010/app_timer.o
                0x000f7318                RTC1_IRQHandler
 .text.SWI0_EGU0_IRQHandler
                0x000f73d4      0x2b4 _build/build-tk_kb_18010/app_timer.o
                0x000f73d4                SWI0_EGU0_IRQHandler
 .text.app_timer_init
                0x000f7688       0x60 _build/build-tk_kb_18010/app_timer.o
                0x000f7688                app_timer_init
 .text.app_timer_create
                0x000f76e8       0x24 _build/build-tk_kb_18010/app_timer.o
                0x000f76e8                app_timer_create
 .text.app_timer_start
                0x000f770c       0x90 _build/build-tk_kb_18010/app_timer.o
                0x000f770c                app_timer_start
 .text.app_timer_stop
                0x000f779c       0x20 _build/build-tk_kb_18010/app_timer.o
                0x000f779c                app_timer_stop
 .text.app_sched_init
                0x000f77bc       0x48 _build/build-tk_kb_18010/app_scheduler.o
                0x000f77bc                app_sched_init
 .text.app_sched_event_put
                0x000f7804       0xd4 _build/build-tk_kb_18010/app_scheduler.o
                0x000f7804                app_sched_event_put
 .text.app_sched_execute
                0x000f78d8       0x5c _build/build-tk_kb_18010/app_scheduler.o
                0x000f78d8                app_sched_execute
 .text.app_error_handler_bare
                0x000f7934       0x1c _build/build-tk_kb_18010/app_error.o
                0x000f7934                app_error_handler_bare
 .text.app_util_critical_region_enter
                0x000f7950       0x48 _build/build-tk_kb_18010/app_util_platform.o
                0x000f7950                app_util_critical_region_enter
 .text.app_util_critical_region_exit
                0x000f7998       0x2c _build/build-tk_kb_18010/app_util_platform.o
                0x000f7998                app_util_critical_region_exit
 .text.crc16_compute
                0x000f79c4       0x3a _build/build-tk_kb_18010/crc16.o
                0x000f79c4                crc16_compute
 *fill*         0x000f79fe        0x2 
 .text.hci_mem_pool_open
                0x000f7a00       0x28 _build/build-tk_kb_18010/hci_mem_pool.o
                0x000f7a00                hci_mem_pool_open
 .text.hci_mem_pool_close
                0x000f7a28        0x4 _build/build-tk_kb_18010/hci_mem_pool.o
                0x000f7a28                hci_mem_pool_close
 .text.hci_mem_pool_rx_produce
                0x000f7a2c       0x54 _build/build-tk_kb_18010/hci_mem_pool.o
                0x000f7a2c                hci_mem_pool_rx_produce
 .text.hci_mem_pool_rx_consume
                0x000f7a80       0x78 _build/build-tk_kb_18010/hci_mem_pool.o
                0x000f7a80                hci_mem_pool_rx_consume
 .text.hci_mem_pool_rx_data_size_set
                0x000f7af8       0x20 _build/build-tk_kb_18010/hci_mem_pool.o
                0x000f7af8                hci_mem_pool_rx_data_size_set
 .text.hci_mem_pool_rx_extract
                0x000f7b18       0x44 _build/build-tk_kb_18010/hci_mem_pool.o
                0x000f7b18                hci_mem_pool_rx_extract
 .text.handle_slip_end
                0x000f7b5c       0x40 _build/build-tk_kb_18010/hci_slip.o
 .text.handle_rx_byte_esc
                0x000f7b9c       0x5c _build/build-tk_kb_18010/hci_slip.o
 .text.handle_rx_byte_wait_start
                0x000f7bf8       0x14 _build/build-tk_kb_18010/hci_slip.o
 .text.handle_rx_byte_default
                0x000f7c0c       0x40 _build/build-tk_kb_18010/hci_slip.o
 .text.serial_put
                0x000f7c4c       0x20 _build/build-tk_kb_18010/hci_slip.o
 .text.send_tx_byte_default
                0x000f7c6c       0x24 _build/build-tk_kb_18010/hci_slip.o
 .text.send_tx_byte_end
                0x000f7c90       0x24 _build/build-tk_kb_18010/hci_slip.o
 .text.send_tx_byte_esc
                0x000f7cb4       0x1c _build/build-tk_kb_18010/hci_slip.o
 .text.send_tx_byte_encoded
                0x000f7cd0       0x44 _build/build-tk_kb_18010/hci_slip.o
 .text.tud_cdc_rx_cb
                0x000f7d14       0x78 _build/build-tk_kb_18010/hci_slip.o
                0x000f7d14                tud_cdc_rx_cb
 .text.hci_slip_evt_handler_register
                0x000f7d8c        0xc _build/build-tk_kb_18010/hci_slip.o
                0x000f7d8c                hci_slip_evt_handler_register
 .text.hci_slip_open
                0x000f7d98       0x14 _build/build-tk_kb_18010/hci_slip.o
                0x000f7d98                hci_slip_open
 .text.hci_slip_close
                0x000f7dac        0xc _build/build-tk_kb_18010/hci_slip.o
                0x000f7dac                hci_slip_close
 .text.hci_slip_write
                0x000f7db8       0xd0 _build/build-tk_kb_18010/hci_slip.o
                0x000f7db8                hci_slip_write
 .text.hci_slip_rx_buffer_register
                0x000f7e88       0x2c _build/build-tk_kb_18010/hci_slip.o
                0x000f7e88                hci_slip_rx_buffer_register
 .text.ack_transmit
                0x000f7eb4       0x24 _build/build-tk_kb_18010/hci_transport.o
 .text.tx_sm_event_handle
                0x000f7ed8       0xcc _build/build-tk_kb_18010/hci_transport.o
 .text.slip_event_handle
                0x000f7fa4      0x194 _build/build-tk_kb_18010/hci_transport.o
                0x000f7fa4                slip_event_handle
 .text.hci_transport_timeout_handle
                0x000f8138        0x6 _build/build-tk_kb_18010/hci_transport.o
                0x000f8138                hci_transport_timeout_handle
 *fill*         0x000f813e        0x2 
 .text.hci_transport_evt_handler_reg
                0x000f8140       0x28 _build/build-tk_kb_18010/hci_transport.o
                0x000f8140                hci_transport_evt_handler_reg
 .text.hci_transport_open
                0x000f8168       0x90 _build/build-tk_kb_18010/hci_transport.o
                0x000f8168                hci_transport_open
 .text.hci_transport_close
                0x000f81f8       0x40 _build/build-tk_kb_18010/hci_transport.o
                0x000f81f8                hci_transport_close
 .text.hci_transport_rx_pkt_extract
                0x000f8238       0x38 _build/build-tk_kb_18010/hci_transport.o
                0x000f8238                hci_transport_rx_pkt_extract
 .text.hci_transport_rx_pkt_consume
                0x000f8270        0x6 _build/build-tk_kb_18010/hci_transport.o
                0x000f8270                hci_transport_rx_pkt_consume
 .text.sd_mbr_command
                0x000f8276        0x4 _build/build-tk_kb_18010/msc_uf2.o
 *fill*         0x000f827a        0x2 
 .text.tud_msc_inquiry_cb
                0x000f827c       0x68 _build/build-tk_kb_18010/msc_uf2.o
                0x000f827c                tud_msc_inquiry_cb
 .text.tud_msc_test_unit_ready_cb
                0x000f82e4        0x4 _build/build-tk_kb_18010/msc_uf2.o
                0x000f82e4                tud_msc_test_unit_ready_cb
 .text.tud_msc_scsi_cb
                0x000f82e8       0x1c _build/build-tk_kb_18010/msc_uf2.o
                0x000f82e8                tud_msc_scsi_cb
 .text.tud_msc_read10_cb
                0x000f8304       0x42 _build/build-tk_kb_18010/msc_uf2.o
                0x000f8304                tud_msc_read10_cb
 *fill*         0x000f8346        0x2 
 .text.tud_msc_write10_cb
                0x000f8348       0x30 _build/build-tk_kb_18010/msc_uf2.o
                0x000f8348                tud_msc_write10_cb
 .text.tud_msc_write10_complete_cb
                0x000f8378       0xa4 _build/build-tk_kb_18010/msc_uf2.o
                0x000f8378                tud_msc_write10_complete_cb
 .text.tud_msc_capacity_cb
                0x000f841c       0x10 _build/build-tk_kb_18010/msc_uf2.o
                0x000f841c                tud_msc_capacity_cb
 .text.tud_msc_start_stop_cb
                0x000f842c        0x4 _build/build-tk_kb_18010/msc_uf2.o
                0x000f842c                tud_msc_start_stop_cb
 .text.tud_descriptor_device_cb
                0x000f8430        0x8 _build/build-tk_kb_18010/usb_desc.o
                0x000f8430                tud_descriptor_device_cb
 .text.tud_descriptor_configuration_cb
                0x000f8438       0x20 _build/build-tk_kb_18010/usb_desc.o
                0x000f8438                tud_descriptor_configuration_cb
 .text.usb_desc_init
                0x000f8458       0x9c _build/build-tk_kb_18010/usb_desc.o
                0x000f8458                usb_desc_init
 .text.tud_descriptor_string_cb
                0x000f84f4       0x60 _build/build-tk_kb_18010/usb_desc.o
                0x000f84f4                tud_descriptor_string_cb
 .text.sd_power_usbpwrrdy_enable
                0x000f8554        0x4 _build/build-tk_kb_18010/usb.o
 .text.sd_power_usbdetected_enable
                0x000f8558        0x4 _build/build-tk_kb_18010/usb.o
 .text.sd_power_usbremoved_enable
                0x000f855c        0x4 _build/build-tk_kb_18010/usb.o
 .text.sd_power_usbregstatus_get
                0x000f8560        0x4 _build/build-tk_kb_18010/usb.o
 .text.sd_softdevice_is_enabled
                0x000f8564        0x4 _build/build-tk_kb_18010/usb.o
 .text.power_event_handler
                0x000f8568        0x4 _build/build-tk_kb_18010/usb.o
 .text.USBD_IRQHandler
                0x000f856c        0x6 _build/build-tk_kb_18010/usb.o
                0x000f856c                USBD_IRQHandler
 *fill*         0x000f8572        0x2 
 .text.usb_init
                0x000f8574       0xa0 _build/build-tk_kb_18010/usb.o
                0x000f8574                usb_init
 .text.usb_teardown
                0x000f8614        0x6 _build/build-tk_kb_18010/usb.o
                0x000f8614                usb_teardown
 .text.tud_mount_cb
                0x000f861a        0x6 _build/build-tk_kb_18010/usb.o
                0x000f861a                tud_mount_cb
 .text.tud_umount_cb
                0x000f8620        0x6 _build/build-tk_kb_18010/usb.o
                0x000f8620                tud_umount_cb
 *fill*         0x000f8626        0x2 
 .text.uf2_init
                0x000f8628       0xe4 _build/build-tk_kb_18010/ghostfat.o
                0x000f8628                uf2_init
 .text.padded_memcpy
                0x000f870c       0x1c _build/build-tk_kb_18010/ghostfat.o
                0x000f870c                padded_memcpy
 .text.read_block
                0x000f8728      0x19c _build/build-tk_kb_18010/ghostfat.o
                0x000f8728                read_block
 .text.write_block
                0x000f88c4      0x1ac _build/build-tk_kb_18010/ghostfat.o
                0x000f88c4                write_block
 .text.nrfx_usbd_errata_187
                0x000f8a70       0x20 _build/build-tk_kb_18010/dcd_nrf5x.o
 .text.start_dma
                0x000f8a90       0x30 _build/build-tk_kb_18010/dcd_nrf5x.o
 .text.sd_clock_hfclk_request
                0x000f8ac0        0x4 _build/build-tk_kb_18010/dcd_nrf5x.o
 .text.sd_clock_hfclk_release
                0x000f8ac4        0x4 _build/build-tk_kb_18010/dcd_nrf5x.o
 .text.sd_clock_hfclk_is_running
                0x000f8ac8        0x4 _build/build-tk_kb_18010/dcd_nrf5x.o
 .text.sd_softdevice_is_enabled
                0x000f8acc        0x4 _build/build-tk_kb_18010/dcd_nrf5x.o
 .text.is_sd_enabled
                0x000f8ad0       0x30 _build/build-tk_kb_18010/dcd_nrf5x.o
 .text.hfclk_running
                0x000f8b00       0x36 _build/build-tk_kb_18010/dcd_nrf5x.o
 *fill*         0x000f8b36        0x2 
 .text.edpt_dma_start
                0x000f8b38       0x60 _build/build-tk_kb_18010/dcd_nrf5x.o
 .text.xact_in_dma
                0x000f8b98       0x40 _build/build-tk_kb_18010/dcd_nrf5x.o
 .text.xact_out_dma.part.0
                0x000f8bd8       0x2c _build/build-tk_kb_18010/dcd_nrf5x.o
 .text.xact_out_dma
                0x000f8c04       0x58 _build/build-tk_kb_18010/dcd_nrf5x.o
 .text.dcd_init
                0x000f8c5c        0x2 _build/build-tk_kb_18010/dcd_nrf5x.o
                0x000f8c5c                dcd_init
 *fill*         0x000f8c5e        0x2 
 .text.dcd_int_enable
                0x000f8c60        0xc _build/build-tk_kb_18010/dcd_nrf5x.o
                0x000f8c60                dcd_int_enable
 .text.dcd_int_disable
                0x000f8c6c       0x10 _build/build-tk_kb_18010/dcd_nrf5x.o
                0x000f8c6c                dcd_int_disable
 .text.dcd_set_address
                0x000f8c7c       0x24 _build/build-tk_kb_18010/dcd_nrf5x.o
                0x000f8c7c                dcd_set_address
 .text.dcd_edpt_open
                0x000f8ca0      0x114 _build/build-tk_kb_18010/dcd_nrf5x.o
                0x000f8ca0                dcd_edpt_open
 .text.dcd_edpt_close_all
                0x000f8db4       0x90 _build/build-tk_kb_18010/dcd_nrf5x.o
                0x000f8db4                dcd_edpt_close_all
 .text.dcd_edpt_xfer
                0x000f8e44       0x9c _build/build-tk_kb_18010/dcd_nrf5x.o
                0x000f8e44                dcd_edpt_xfer
 .text.dcd_edpt_stall
                0x000f8ee0       0x48 _build/build-tk_kb_18010/dcd_nrf5x.o
                0x000f8ee0                dcd_edpt_stall
 .text.dcd_edpt_clear_stall
                0x000f8f28       0x34 _build/build-tk_kb_18010/dcd_nrf5x.o
                0x000f8f28                dcd_edpt_clear_stall
 .text.bus_reset
                0x000f8f5c       0x6c _build/build-tk_kb_18010/dcd_nrf5x.o
                0x000f8f5c                bus_reset
 .text.dcd_int_handler
                0x000f8fc8      0x324 _build/build-tk_kb_18010/dcd_nrf5x.o
                0x000f8fc8                dcd_int_handler
 .text.tusb_hal_nrf_power_event
                0x000f92ec      0x204 _build/build-tk_kb_18010/dcd_nrf5x.o
                0x000f92ec                tusb_hal_nrf_power_event
 .text.advance_pointer
                0x000f94f0       0x18 _build/build-tk_kb_18010/tusb_fifo.o
 .text._tu_fifo_correct_read_pointer
                0x000f9508       0x1e _build/build-tk_kb_18010/tusb_fifo.o
 .text._ff_pull_const_addr
                0x000f9526       0x2e _build/build-tk_kb_18010/tusb_fifo.o
 .text._tu_fifo_peek_n
                0x000f9554      0x126 _build/build-tk_kb_18010/tusb_fifo.o
 .text._ff_push_const_addr
                0x000f967a       0x28 _build/build-tk_kb_18010/tusb_fifo.o
 .text._tu_fifo_peek
                0x000f96a2       0x4c _build/build-tk_kb_18010/tusb_fifo.o
 .text._tu_fifo_write_n.part.0
                0x000f96ee      0x140 _build/build-tk_kb_18010/tusb_fifo.o
 .text.tu_fifo_config
                0x000f982e       0x2c _build/build-tk_kb_18010/tusb_fifo.o
                0x000f982e                tu_fifo_config
 .text.tu_fifo_count
                0x000f985a       0x24 _build/build-tk_kb_18010/tusb_fifo.o
                0x000f985a                tu_fifo_count
 .text.tu_fifo_empty
                0x000f987e       0x10 _build/build-tk_kb_18010/tusb_fifo.o
                0x000f987e                tu_fifo_empty
 .text.tu_fifo_remaining
                0x000f988e       0x24 _build/build-tk_kb_18010/tusb_fifo.o
                0x000f988e                tu_fifo_remaining
 .text.tu_fifo_read
                0x000f98b2       0x24 _build/build-tk_kb_18010/tusb_fifo.o
                0x000f98b2                tu_fifo_read
 .text.tu_fifo_read_n
                0x000f98d6       0x2c _build/build-tk_kb_18010/tusb_fifo.o
                0x000f98d6                tu_fifo_read_n
 .text.tu_fifo_write
                0x000f9902       0x52 _build/build-tk_kb_18010/tusb_fifo.o
                0x000f9902                tu_fifo_write
 .text.tu_fifo_write_n
                0x000f9954        0xc _build/build-tk_kb_18010/tusb_fifo.o
                0x000f9954                tu_fifo_write_n
 .text.tu_fifo_clear
                0x000f9960       0x18 _build/build-tk_kb_18010/tusb_fifo.o
                0x000f9960                tu_fifo_clear
 .text.tu_fifo_set_overwritable
                0x000f9978        0x6 _build/build-tk_kb_18010/tusb_fifo.o
                0x000f9978                tu_fifo_set_overwritable
 *fill*         0x000f997e        0x2 
 .text.get_driver
                0x000f9980       0x40 _build/build-tk_kb_18010/usbd.o
 .text.configuration_reset
                0x000f99c0       0x54 _build/build-tk_kb_18010/usbd.o
 .text.invoke_class_control
                0x000f9a14       0x1c _build/build-tk_kb_18010/usbd.o
 .text.osal_queue_send.isra.0
                0x000f9a30       0x40 _build/build-tk_kb_18010/usbd.o
 .text.tud_mounted
                0x000f9a70       0x10 _build/build-tk_kb_18010/usbd.o
                0x000f9a70                tud_mounted
 .text.tud_suspended
                0x000f9a80       0x10 _build/build-tk_kb_18010/usbd.o
                0x000f9a80                tud_suspended
 .text.tud_inited
                0x000f9a90        0xc _build/build-tk_kb_18010/usbd.o
                0x000f9a90                tud_inited
 .text.tud_init
                0x000f9a9c       0x7c _build/build-tk_kb_18010/usbd.o
                0x000f9a9c                tud_init
 .text.dcd_event_handler
                0x000f9b18       0xa4 _build/build-tk_kb_18010/usbd.o
                0x000f9b18                dcd_event_handler
 .text.dcd_event_bus_signal
                0x000f9bbc       0x26 _build/build-tk_kb_18010/usbd.o
                0x000f9bbc                dcd_event_bus_signal
 .text.dcd_event_bus_reset
                0x000f9be2       0x2c _build/build-tk_kb_18010/usbd.o
                0x000f9be2                dcd_event_bus_reset
 .text.dcd_event_setup_received
                0x000f9c0e       0x32 _build/build-tk_kb_18010/usbd.o
                0x000f9c0e                dcd_event_setup_received
 .text.dcd_event_xfer_complete
                0x000f9c40       0x2e _build/build-tk_kb_18010/usbd.o
                0x000f9c40                dcd_event_xfer_complete
 .text.usbd_defer_func
                0x000f9c6e       0x1a _build/build-tk_kb_18010/usbd.o
                0x000f9c6e                usbd_defer_func
 .text.usbd_edpt_open
                0x000f9c88       0x40 _build/build-tk_kb_18010/usbd.o
                0x000f9c88                usbd_edpt_open
 .text.usbd_open_edpt_pair
                0x000f9cc8       0x5c _build/build-tk_kb_18010/usbd.o
                0x000f9cc8                usbd_open_edpt_pair
 .text.usbd_edpt_claim
                0x000f9d24       0x34 _build/build-tk_kb_18010/usbd.o
                0x000f9d24                usbd_edpt_claim
 .text.usbd_edpt_release
                0x000f9d58       0x34 _build/build-tk_kb_18010/usbd.o
                0x000f9d58                usbd_edpt_release
 .text.usbd_edpt_xfer
                0x000f9d8c       0x50 _build/build-tk_kb_18010/usbd.o
                0x000f9d8c                usbd_edpt_xfer
 .text.usbd_edpt_busy
                0x000f9ddc       0x1c _build/build-tk_kb_18010/usbd.o
                0x000f9ddc                usbd_edpt_busy
 .text.usbd_edpt_stall
                0x000f9df8       0x34 _build/build-tk_kb_18010/usbd.o
                0x000f9df8                usbd_edpt_stall
 .text.usbd_edpt_clear_stall
                0x000f9e2c       0x34 _build/build-tk_kb_18010/usbd.o
                0x000f9e2c                usbd_edpt_clear_stall
 .text.usbd_edpt_stalled
                0x000f9e60       0x1c _build/build-tk_kb_18010/usbd.o
                0x000f9e60                usbd_edpt_stalled
 .text.tud_task
                0x000f9e7c      0x5c8 _build/build-tk_kb_18010/usbd.o
                0x000f9e7c                tud_task
 .text._data_stage_xact
                0x000fa444       0x54 _build/build-tk_kb_18010/usbd_control.o
 .text._status_stage_xact.isra.0
                0x000fa498        0xe _build/build-tk_kb_18010/usbd_control.o
 *fill*         0x000fa4a6        0x2 
 .text.tud_control_status
                0x000fa4a8       0x24 _build/build-tk_kb_18010/usbd_control.o
                0x000fa4a8                tud_control_status
 .text.tud_control_xfer
                0x000fa4cc       0x58 _build/build-tk_kb_18010/usbd_control.o
                0x000fa4cc                tud_control_xfer
 .text.usbd_control_reset
                0x000fa524       0x10 _build/build-tk_kb_18010/usbd_control.o
                0x000fa524                usbd_control_reset
 .text.usbd_control_set_complete_callback
                0x000fa534        0xc _build/build-tk_kb_18010/usbd_control.o
                0x000fa534                usbd_control_set_complete_callback
 .text.usbd_control_set_request
                0x000fa540       0x1c _build/build-tk_kb_18010/usbd_control.o
                0x000fa540                usbd_control_set_request
 .text.usbd_control_xfer_cb
                0x000fa55c       0xb4 _build/build-tk_kb_18010/usbd_control.o
                0x000fa55c                usbd_control_xfer_cb
 .text._prep_out_transaction.isra.0
                0x000fa610       0x44 _build/build-tk_kb_18010/cdc_device.o
 .text.tud_cdc_n_available
                0x000fa654       0x18 _build/build-tk_kb_18010/cdc_device.o
                0x000fa654                tud_cdc_n_available
 .text.tud_cdc_n_read
                0x000fa66c       0x28 _build/build-tk_kb_18010/cdc_device.o
                0x000fa66c                tud_cdc_n_read
 .text.tud_cdc_n_write_flush
                0x000fa694       0x80 _build/build-tk_kb_18010/cdc_device.o
                0x000fa694                tud_cdc_n_write_flush
 .text.tud_cdc_n_write
                0x000fa714       0x30 _build/build-tk_kb_18010/cdc_device.o
                0x000fa714                tud_cdc_n_write
 .text.cdcd_init
                0x000fa744       0x58 _build/build-tk_kb_18010/cdc_device.o
                0x000fa744                cdcd_init
 .text.cdcd_reset
                0x000fa79c       0x30 _build/build-tk_kb_18010/cdc_device.o
                0x000fa79c                cdcd_reset
 .text.cdcd_open
                0x000fa7cc       0xa8 _build/build-tk_kb_18010/cdc_device.o
                0x000fa7cc                cdcd_open
 .text.cdcd_control_xfer_cb
                0x000fa874       0xb8 _build/build-tk_kb_18010/cdc_device.o
                0x000fa874                cdcd_control_xfer_cb
 .text.cdcd_xfer_cb
                0x000fa92c       0xf0 _build/build-tk_kb_18010/cdc_device.o
                0x000fa92c                cdcd_xfer_cb
 .text.fail_scsi_op.constprop.0
                0x000faa1c       0x48 _build/build-tk_kb_18010/msc_device.o
 .text.proc_write10_cmd.constprop.0
                0x000faa64       0x64 _build/build-tk_kb_18010/msc_device.o
 .text.proc_read10_cmd.constprop.0
                0x000faac8       0x98 _build/build-tk_kb_18010/msc_device.o
 .text.rdwr10_validate_cmd
                0x000fab60       0x40 _build/build-tk_kb_18010/msc_device.o
                0x000fab60                rdwr10_validate_cmd
 .text.tud_msc_set_sense
                0x000faba0       0x18 _build/build-tk_kb_18010/msc_device.o
                0x000faba0                tud_msc_set_sense
 .text.mscd_init
                0x000fabb8       0x10 _build/build-tk_kb_18010/msc_device.o
                0x000fabb8                mscd_init
 .text.mscd_reset
                0x000fabc8       0x10 _build/build-tk_kb_18010/msc_device.o
                0x000fabc8                mscd_reset
 .text.mscd_open
                0x000fabd8       0x80 _build/build-tk_kb_18010/msc_device.o
                0x000fabd8                mscd_open
 .text.mscd_control_xfer_cb
                0x000fac58      0x124 _build/build-tk_kb_18010/msc_device.o
                0x000fac58                mscd_control_xfer_cb
 .text.mscd_xfer_cb
                0x000fad7c      0x4a4 _build/build-tk_kb_18010/msc_device.o
                0x000fad7c                mscd_xfer_cb
 .text.tusb_init
                0x000fb220       0x1a _build/build-tk_kb_18010/tusb.o
                0x000fb220                tusb_init
 .text.tusb_inited
                0x000fb23a        0x4 _build/build-tk_kb_18010/tusb.o
                0x000fb23a                tusb_inited
 .text.tu_edpt_validate
                0x000fb23e       0x5e _build/build-tk_kb_18010/tusb.o
                0x000fb23e                tu_edpt_validate
 .text.tu_edpt_bind_driver
                0x000fb29c       0x24 _build/build-tk_kb_18010/tusb.o
                0x000fb29c                tu_edpt_bind_driver
 .text          0x000fb2c0       0x3c _build/build-tk_kb_18010/gcc_startup_nrf52840.o
                0x000fb2c0                Reset_Handler
                0x000fb2e8                NMI_Handler
                0x000fb2ea                HardFault_Handler
                0x000fb2ec                MemoryManagement_Handler
                0x000fb2ee                BusFault_Handler
                0x000fb2f0                UsageFault_Handler
                0x000fb2f4                DebugMon_Handler
                0x000fb2f6                PendSV_Handler
                0x000fb2fa                TIMER2_IRQHandler
                0x000fb2fa                RTC0_IRQHandler
                0x000fb2fa                GPIOTE_IRQHandler
                0x000fb2fa                PWM1_IRQHandler
                0x000fb2fa                RADIO_IRQHandler
                0x000fb2fa                PDM_IRQHandler
                0x000fb2fa                TEMP_IRQHandler
                0x000fb2fa                QDEC_IRQHandler
                0x000fb2fa                TIMER3_IRQHandler
                0x000fb2fa                PWM3_IRQHandler
                0x000fb2fa                FPU_IRQHandler
                0x000fb2fa                SPIM0_SPIS0_TWIM0_TWIS0_SPI0_TWI0_IRQHandler
                0x000fb2fa                UARTE0_UART0_IRQHandler
                0x000fb2fa                TIMER4_IRQHandler
                0x000fb2fa                CRYPTOCELL_IRQHandler
                0x000fb2fa                I2S_IRQHandler
                0x000fb2fa                SWI4_EGU4_IRQHandler
                0x000fb2fa                TIMER0_IRQHandler
                0x000fb2fa                UARTE1_IRQHandler
                0x000fb2fa                TIMER1_IRQHandler
                0x000fb2fa                SPIM3_IRQHandler
                0x000fb2fa                PWM2_IRQHandler
                0x000fb2fa                ECB_IRQHandler
                0x000fb2fa                SPIM1_SPIS1_TWIM1_TWIS1_SPI1_TWI1_IRQHandler
                0x000fb2fa                Default_Handler
                0x000fb2fa                SAADC_IRQHandler
                0x000fb2fa                CCM_AAR_IRQHandler
                0x000fb2fa                WDT_IRQHandler
                0x000fb2fa                SWI5_EGU5_IRQHandler
                0x000fb2fa                RNG_IRQHandler
                0x000fb2fa                RTC2_IRQHandler
                0x000fb2fa                PWM0_IRQHandler
                0x000fb2fa                SWI3_EGU3_IRQHandler
                0x000fb2fa                SWI1_EGU1_IRQHandler
                0x000fb2fa                SPIM2_SPIS2_SPI2_IRQHandler
                0x000fb2fa                NFCT_IRQHandler
                0x000fb2fa                MWU_IRQHandler
                0x000fb2fa                QSPI_IRQHandler
                0x000fb2fa                COMP_LPCOMP_IRQHandler
 .text          0x000fb2fc       0x40 /usr/lib/gcc/arm-none-eabi/13.2.1/../../../arm-none-eabi/lib/thumb/v7e-m+fp/hard/libc_nano.a(libc_a-strcat.o)
                0x000fb2fc                strcat
 .text          0x000fb33c       0xbc /usr/lib/gcc/arm-none-eabi/13.2.1/../../../arm-none-eabi/lib/thumb/v7e-m+fp/hard/libc_nano.a(libc_a-strcpy.o)
                0x000fb33c                strcpy
 .text          0x000fb3f8       0xa0 /usr/lib/gcc/arm-none-eabi/13.2.1/../../../arm-none-eabi/lib/thumb/v7e-m+fp/hard/libc_nano.a(libc_a-utoa.o)
                0x000fb3f8                __utoa
                0x000fb494                utoa
 *fill*         0x000fb498       0x28 
 .text          0x000fb4c0       0xd8 /usr/lib/gcc/arm-none-eabi/13.2.1/../../../arm-none-eabi/lib/thumb/v7e-m+fp/hard/libc_nano.a(libc_a-strlen.o)
                0x000fb4c0                strlen
 .text          0x000fb598      0x100 /usr/lib/gcc/arm-none-eabi/13.2.1/../../../arm-none-eabi/lib/thumb/v7e-m+fp/hard/libc_nano.a(libc_a-memmove.o)
                0x000fb598                memmove
 .text          0x000fb698      0x134 /usr/lib/gcc/arm-none-eabi/13.2.1/../../../arm-none-eabi/lib/thumb/v7e-m+fp/hard/libc_nano.a(libc_a-memcpy.o)
                0x000fb698                memcpy
 .text          0x000fb7cc       0x5c /usr/lib/gcc/arm-none-eabi/13.2.1/../../../arm-none-eabi/lib/thumb/v7e-m+fp/hard/libc_nano.a(libc_a-memcmp.o)
                0x000fb7cc                memcmp
 .text          0x000fb828       0x30 /usr/lib/gcc/arm-none-eabi/13.2.1/thumb/v7e-m+fp/hard/libgcc.a(_aeabi_uldivmod.o)
                0x000fb828                __aeabi_uldivmod
 .text          0x000fb858      0x2bc /usr/lib/gcc/arm-none-eabi/13.2.1/thumb/v7e-m+fp/hard/libgcc.a(_udivmoddi4.o)
                0x000fb858                __udivmoddi4
 .text          0x000fbb14        0x4 /usr/lib/gcc/arm-none-eabi/13.2.1/thumb/v7e-m+fp/hard/libgcc.a(_dvmd_tls.o)
                0x000fbb14                __aeabi_ldiv0
                0x000fbb14                __aeabi_idiv0
 *(.init)
 .init          0x000fbb18        0x4 /usr/lib/gcc/arm-none-eabi/13.2.1/thumb/v7e-m+fp/hard/crti.o
                0x000fbb18                _init
 .init          0x000fbb1c        0x8 /usr/lib/gcc/arm-none-eabi/13.2.1/thumb/v7e-m+fp/hard/crtn.o
 *(.fini)
 .fini          0x000fbb24        0x4 /usr/lib/gcc/arm-none-eabi/13.2.1/thumb/v7e-m+fp/hard/crti.o
                0x000fbb24                _fini
 .fini          0x000fbb28        0x8 /usr/lib/gcc/arm-none-eabi/13.2.1/thumb/v7e-m+fp/hard/crtn.o
 *crtbegin.o(.ctors)
 *crtbegin?.o(.ctors)
 *(EXCLUDE_FILE(*crtend.o *crtend?.o) .ctors)
 *(SORT_BY_NAME(.ctors.*))
 *(.ctors)
 *crtbegin.o(.dtors)
 *crtbegin?.o(.dtors)
 *(EXCLUDE_FILE(*crtend.o *crtend?.o) .dtors)
 *(SORT_BY_NAME(.dtors.*))
 *(.dtors)
 *(.rodata*)
 .rodata.CSWTCH.67
                0x000fbb30        0x3 _build/build-tk_kb_18010/main.o
 *fill*         0x000fbb33        0xd 
 .rodata.delay_machine_code.0
                0x000fbb40        0x6 _build/build-tk_kb_18010/main.o
 .rodata        0x000fbb46        0x4 _build/build-tk_kb_18010/main.o
 *fill*         0x000fbb4a        0x6 
 .rodata.delay_machine_code.0
                0x000fbb50        0x6 _build/build-tk_kb_18010/boards.o
 *fill*         0x000fbb56        0xa 
 .rodata.delay_machine_code.0
                0x000fbb60        0x6 _build/build-tk_kb_18010/bootloader.o
 *fill*         0x000fbb66        0x2 
 .rodata._dfu_startup_timer
                0x000fbb68        0x4 _build/build-tk_kb_18010/bootloader.o
 .rodata.advertising_start.str1.1
                0x000fbb6c       0x7c _build/build-tk_kb_18010/dfu_transport_ble.o
                                  0x7 (size before relaxing)
 .rodata.dfu_transport_ble_update_start.str1.1
                0x000fbbe8       0x2b _build/build-tk_kb_18010/dfu_transport_ble.o
 .rodata        0x000fbbe8       0x10 _build/build-tk_kb_18010/dfu_transport_ble.o
 .rodata        0x000fbbf8       0x10 _build/build-tk_kb_18010/ble_dfu.o
 .rodata.m_app_timer_id
                0x000fbc08        0x4 _build/build-tk_kb_18010/hci_transport.o
 .rodata.tud_msc_inquiry_cb.str1.1
                0x000fbc0c       0x11 _build/build-tk_kb_18010/msc_uf2.o
 .rodata.usb_desc_init.str1.1
                0x000fbc0c       0x11 _build/build-tk_kb_18010/usb_desc.o
 .rodata.str1.1
                0x000fbc0c       0x2d _build/build-tk_kb_18010/usb_desc.o
 .rodata.__compound_literal.0
                0x000fbc0c        0x2 _build/build-tk_kb_18010/usb_desc.o
 .rodata.uf2_init.str1.1
                0x000fbc0e       0x22 _build/build-tk_kb_18010/ghostfat.o
 .rodata.BootBlock
                0x000fbc0e       0x3e _build/build-tk_kb_18010/ghostfat.o
 .rodata.info   0x000fbc4c       0x30 _build/build-tk_kb_18010/ghostfat.o
 .rodata.indexFile
                0x000fbc7c       0x7f _build/build-tk_kb_18010/ghostfat.o
                0x000fbc7c                indexFile
 *fill*         0x000fbcfb        0x1 
 .rodata._usbd_driver
                0x000fbcfc       0x30 _build/build-tk_kb_18010/usbd.o
 .rodata.str1.4
                0x000fbd2c       0x25 /usr/lib/gcc/arm-none-eabi/13.2.1/../../../arm-none-eabi/lib/thumb/v7e-m+fp/hard/libc_nano.a(libc_a-utoa.o)
 *(.eh_frame*)
 *fill*         0x000fbd51        0x3 
 .eh_frame      0x000fbd54        0x0 /usr/lib/gcc/arm-none-eabi/13.2.1/thumb/v7e-m+fp/hard/crtbegin.o
 .eh_frame      0x000fbd54       0x34 /usr/lib/gcc/arm-none-eabi/13.2.1/../../../arm-none-eabi/lib/thumb/v7e-m+fp/hard/libc_nano.a(libc_a-strlen.o)
 .eh_frame      0x000fbd88       0x2c /usr/lib/gcc/arm-none-eabi/13.2.1/../../../arm-none-eabi/lib/thumb/v7e-m+fp/hard/libc_nano.a(libc_a-memcpy.o)
 .eh_frame      0x000fbdb4        0x4 /usr/lib/gcc/arm-none-eabi/13.2.1/thumb/v7e-m+fp/hard/crtend.o

.glue_7         0x000fbdb8        0x0
 .glue_7        0x000fbdb8        0x0 linker stubs

.glue_7t        0x000fbdb8        0x0
 .glue_7t       0x000fbdb8        0x0 linker stubs

.vfp11_veneer   0x000fbdb8        0x0
 .vfp11_veneer  0x000fbdb8        0x0 linker stubs

.v4_bx          0x000fbdb8        0x0
 .v4_bx         0x000fbdb8        0x0 linker stubs

.iplt           0x000fbdb8        0x0
 .iplt          0x000fbdb8        0x0 /usr/lib/gcc/arm-none-eabi/13.2.1/thumb/v7e-m+fp/hard/crtbegin.o

.ARM.extab
 *(.ARM.extab* .gnu.linkonce.armextab.*)
                0x000fbdb8                        __exidx_start = .

.ARM.exidx      0x000fbdb8        0x8
 *(.ARM.exidx* .gnu.linkonce.armexidx.*)
 .ARM.exidx     0x000fbdb8        0x8 /usr/lib/gcc/arm-none-eabi/13.2.1/../../../arm-none-eabi/lib/thumb/v7e-m+fp/hard/crt0.o
                                 0x10 (size before relaxing)
 .ARM.exidx     0x000fbdc0        0x0 /usr/lib/gcc/arm-none-eabi/13.2.1/../../../arm-none-eabi/lib/thumb/v7e-m+fp/hard/libc_nano.a(libc_a-strlen.o)
                                  0x8 (size before relaxing)
 .ARM.exidx     0x000fbdc0        0x0 /usr/lib/gcc/arm-none-eabi/13.2.1/../../../arm-none-eabi/lib/thumb/v7e-m+fp/hard/libc_nano.a(libc_a-memcpy.o)
                                  0x8 (size before relaxing)
 .ARM.exidx     0x000fbdc0        0x0 /usr/lib/gcc/arm-none-eabi/13.2.1/thumb/v7e-m+fp/hard/libgcc.a(_udivmoddi4.o)
                                  0x8 (size before relaxing)
                0x000fbdc0                        __exidx_end = .
                0x000fbdc0                        __etext = .

.rel.dyn        0x000fbdc0        0x0
 .rel.iplt      0x000fbdc0        0x0 /usr/lib/gcc/arm-none-eabi/13.2.1/thumb/v7e-m+fp/hard/crtbegin.o

.data           0x20008000      0x2a0 load address 0x000fbdc0
                0x20008000                        __data_start__ = .
 *(vtable)
 *(.data*)
 .data._fl_addr
                0x20008000        0x4 _build/build-tk_kb_18010/flash_nrf5x.o
 .data.dbl_reset_mem
                0x20008004        0x4 _build/build-tk_kb_18010/main.o
                0x20008004                dbl_reset_mem
 .data.SystemCoreClock
                0x20008008        0x4 _build/build-tk_kb_18010/system_nrf52840.o
                0x20008008                SystemCoreClock
 .data._adv_handle
                0x2000800c        0x1 _build/build-tk_kb_18010/dfu_transport_ble.o
 *fill*         0x2000800d        0x3 
 .data.m_direct_adv_cnt
                0x20008010        0x4 _build/build-tk_kb_18010/dfu_transport_ble.o
 .data.m_conn_handle
                0x20008014        0x2 _build/build-tk_kb_18010/dfu_transport_ble.o
 *fill*         0x20008016        0x2 
 .data.send_tx_byte
                0x20008018        0x4 _build/build-tk_kb_18010/hci_slip.o
                0x20008018                send_tx_byte
 .data.handle_rx_byte
                0x2000801c        0x4 _build/build-tk_kb_18010/hci_slip.o
 .data.first_write.0
                0x20008020        0x1 _build/build-tk_kb_18010/msc_uf2.o
 *fill*         0x20008021        0x3 
 .data.string_desc_arr
                0x20008024       0x18 _build/build-tk_kb_18010/usb_desc.o
                0x20008024                string_desc_arr
 .data.desc_configuration_cdc_only
                0x2000803c       0x4b _build/build-tk_kb_18010/usb_desc.o
                0x2000803c                desc_configuration_cdc_only
 .data.desc_configuration_cdc_msc
                0x20008087       0x62 _build/build-tk_kb_18010/usb_desc.o
                0x20008087                desc_configuration_cdc_msc
 .data.desc_device
                0x200080e9       0x12 _build/build-tk_kb_18010/usb_desc.o
                0x200080e9                desc_device
 .data.infoUf2File
                0x200080fb      0x180 _build/build-tk_kb_18010/ghostfat.o
                0x200080fb                infoUf2File
 *fill*         0x2000827b        0x1 
 .data._usbd_qdef
                0x2000827c       0x18 _build/build-tk_kb_18010/usbd.o
                0x2000827c                _usbd_qdef
                0x20008294                        . = ALIGN (0x4)
                0x20008294                        PROVIDE (__preinit_array_start = .)
 *(.preinit_array)
                0x20008294                        PROVIDE (__preinit_array_end = .)
                0x20008294                        . = ALIGN (0x4)
                0x20008294                        PROVIDE (__init_array_start = .)
 *(SORT_BY_NAME(.init_array.*))
 .init_array.00000
                0x20008294        0x4 /usr/lib/gcc/arm-none-eabi/13.2.1/../../../arm-none-eabi/lib/thumb/v7e-m+fp/hard/libc.a(libc_a-__call_atexit.o)
 *(.init_array)
 .init_array    0x20008298        0x4 /usr/lib/gcc/arm-none-eabi/13.2.1/thumb/v7e-m+fp/hard/crtbegin.o
                0x2000829c                        PROVIDE (__init_array_end = .)
                0x2000829c                        . = ALIGN (0x4)
                0x2000829c                        PROVIDE (__fini_array_start = .)
 *(SORT_BY_NAME(.fini_array.*))
 *(.fini_array)
 .fini_array    0x2000829c        0x4 /usr/lib/gcc/arm-none-eabi/13.2.1/thumb/v7e-m+fp/hard/crtbegin.o
                0x200082a0                        PROVIDE (__fini_array_end = .)
 *(.jcr*)
                0x200082a0                        . = ALIGN (0x4)
                0x200082a0                        __data_end__ = .

.tm_clone_table
                0x200082a0        0x0 load address 0x000fc060
 .tm_clone_table
                0x200082a0        0x0 /usr/lib/gcc/arm-none-eabi/13.2.1/thumb/v7e-m+fp/hard/crtbegin.o
 .tm_clone_table
                0x200082a0        0x0 /usr/lib/gcc/arm-none-eabi/13.2.1/thumb/v7e-m+fp/hard/crtend.o

.igot.plt       0x200082a0        0x0 load address 0x000fc060
 .igot.plt      0x200082a0        0x0 /usr/lib/gcc/arm-none-eabi/13.2.1/thumb/v7e-m+fp/hard/crtbegin.o

.bss            0x200082a0     0x4a94 load address 0x000fc060
                0x200082a0                        . = ALIGN (0x4)
                0x200082a0                        __bss_start__ = .
 *(.bss*)
 .bss           0x200082a0       0x1c /usr/lib/gcc/arm-none-eabi/13.2.1/thumb/v7e-m+fp/hard/crtbegin.o
 .bss           0x200082bc        0x4 /usr/lib/gcc/arm-none-eabi/13.2.1/../../../arm-none-eabi/lib/thumb/v7e-m+fp/hard/libc.a(libc_a-__call_atexit.o)
                0x200082bc                __atexit
 .bss           0x200082c0      0x190 /usr/lib/gcc/arm-none-eabi/13.2.1/../../../arm-none-eabi/lib/thumb/v7e-m+fp/hard/libc.a(libc_a-__atexit.o)
                0x200082c0                __atexit0
 .bss           0x20008450      0x13c /usr/lib/gcc/arm-none-eabi/13.2.1/../../../arm-none-eabi/lib/thumb/v7e-m+fp/hard/libc.a(libc_a-findfp.o)
                0x20008450                __sf
                0x20008588                __stdio_exit_handler
 .bss.m_extended_packet
                0x2000858c        0xa _build/build-tk_kb_18010/dfu_init.o
 *fill*         0x20008596        0x2 
 .bss._fl_buf   0x20008598     0x1000 _build/build-tk_kb_18010/flash_nrf5x.o
 .bss._sd_inited
                0x20009598        0x1 _build/build-tk_kb_18010/main.o
                0x20009598                _sd_inited
 .bss._ota_connected
                0x20009599        0x1 _build/build-tk_kb_18010/main.o
                0x20009599                _ota_connected
 .bss._ota_dfu  0x2000959a        0x1 _build/build-tk_kb_18010/main.o
                0x2000959a                _ota_dfu
 *fill*         0x2000959b        0x1 
 .bss.APP_SCHED_BUF.1
                0x2000959c      0x1f0 _build/build-tk_kb_18010/boards.o
 .bss.rgb_color
                0x2000978c        0x4 _build/build-tk_kb_18010/boards.o
 .bss.primary_cycle_length
                0x20009790        0x4 _build/build-tk_kb_18010/boards.o
 .bss.led_duty_cycles
                0x20009794        0x8 _build/build-tk_kb_18010/boards.o
 .bss._systick_count
                0x2000979c        0x4 _build/build-tk_kb_18010/boards.o
 .bss.m_usbevt_handler
                0x200097a0        0x4 _build/build-tk_kb_18010/nrfx_power.o
 .bss.m_sleepevt_handler
                0x200097a4        0x4 _build/build-tk_kb_18010/nrfx_power.o
 .bss.m_pofwarn_handler
                0x200097a8        0x4 _build/build-tk_kb_18010/nrfx_power.o
 .bss.nrfx_power_irq_enabled
                0x200097ac        0x1 _build/build-tk_kb_18010/nrfx_power.o
                0x200097ac                nrfx_power_irq_enabled
 *fill*         0x200097ad        0x3 
 .bss.settings.1
                0x200097b0       0x1c _build/build-tk_kb_18010/bootloader.o
 .bss.dfu_startup_packet_received
                0x200097cc        0x1 _build/build-tk_kb_18010/bootloader.o
                0x200097cc                dfu_startup_packet_received
 *fill*         0x200097cd        0x3 
 .bss._dfu_startup_timer_data
                0x200097d0       0x20 _build/build-tk_kb_18010/bootloader.o
 .bss.m_cancel_timeout_on_usb
                0x200097f0        0x1 _build/build-tk_kb_18010/bootloader.o
 .bss.m_update_status
                0x200097f1        0x1 _build/build-tk_kb_18010/bootloader.o
 *fill*         0x200097f2        0x2 
 .bss.m_bootsettings_handle
                0x200097f4        0x8 _build/build-tk_kb_18010/bootloader.o
 .bss.m_data_queue
                0x200097fc       0x34 _build/build-tk_kb_18010/dfu_transport_serial.o
 .bss.adv_buf.0
                0x20009830       0x1f _build/build-tk_kb_18010/dfu_transport_ble.o
 *fill*         0x2000984f        0x1 
 .bss.gap_adv.1
                0x20009850       0x10 _build/build-tk_kb_18010/dfu_transport_ble.o
 .bss.m_gap_ids
                0x20009860        0x4 _build/build-tk_kb_18010/dfu_transport_ble.o
 .bss.m_whitelist
                0x20009864        0x4 _build/build-tk_kb_18010/dfu_transport_ble.o
 .bss.mp_final_packet
                0x20009868        0x4 _build/build-tk_kb_18010/dfu_transport_ble.o
 .bss.m_ble_peer_data_valid
                0x2000986c        0x1 _build/build-tk_kb_18010/dfu_transport_ble.o
 *fill*         0x2000986d        0x1 
 .bss.m_ble_peer_data
                0x2000986e       0x3c _build/build-tk_kb_18010/dfu_transport_ble.o
 .bss.m_is_advertising
                0x200098aa        0x1 _build/build-tk_kb_18010/dfu_transport_ble.o
 .bss.m_pkt_rcpt_notif_enabled
                0x200098ab        0x1 _build/build-tk_kb_18010/dfu_transport_ble.o
 .bss.m_tear_down_in_progress
                0x200098ac        0x1 _build/build-tk_kb_18010/dfu_transport_ble.o
 *fill*         0x200098ad        0x3 
 .bss.mp_rx_buffer
                0x200098b0        0x4 _build/build-tk_kb_18010/dfu_transport_ble.o
 .bss.m_pkt_notif_target_cnt
                0x200098b4        0x2 _build/build-tk_kb_18010/dfu_transport_ble.o
 .bss.m_pkt_notif_target
                0x200098b6        0x2 _build/build-tk_kb_18010/dfu_transport_ble.o
 .bss.m_num_of_firmware_bytes_rcvd
                0x200098b8        0x4 _build/build-tk_kb_18010/dfu_transport_ble.o
 .bss.m_update_mode
                0x200098bc        0x1 _build/build-tk_kb_18010/dfu_transport_ble.o
 .bss.m_pkt_type
                0x200098bd        0x1 _build/build-tk_kb_18010/dfu_transport_ble.o
 *fill*         0x200098be        0x2 
 .bss.m_dfu     0x200098c0       0x30 _build/build-tk_kb_18010/dfu_transport_ble.o
 .bss.m_sec_params
                0x200098f0        0x5 _build/build-tk_kb_18010/dfu_transport_ble.o
 *fill*         0x200098f5        0x3 
 .bss.m_functions
                0x200098f8        0xc _build/build-tk_kb_18010/dfu_single_bank.o
 .bss.m_data_pkt_cb
                0x20009904        0x4 _build/build-tk_kb_18010/dfu_single_bank.o
 .bss.mp_storage_handle_active
                0x20009908        0x4 _build/build-tk_kb_18010/dfu_single_bank.o
 .bss.m_storage_handle_app
                0x2000990c        0x8 _build/build-tk_kb_18010/dfu_single_bank.o
 .bss.m_image_crc
                0x20009914        0x2 _build/build-tk_kb_18010/dfu_single_bank.o
 .bss.m_init_packet_length
                0x20009916        0x1 _build/build-tk_kb_18010/dfu_single_bank.o
 .bss.m_init_packet
                0x20009917       0x40 _build/build-tk_kb_18010/dfu_single_bank.o
 *fill*         0x20009957        0x1 
 .bss.m_start_packet
                0x20009958       0x10 _build/build-tk_kb_18010/dfu_single_bank.o
 .bss.m_image_size
                0x20009968        0x4 _build/build-tk_kb_18010/dfu_single_bank.o
 .bss.m_dfu_state
                0x2000996c        0x1 _build/build-tk_kb_18010/dfu_single_bank.o
 *fill*         0x2000996d        0x3 
 .bss.m_data_received
                0x20009970        0x4 _build/build-tk_kb_18010/dfu_single_bank.o
 .bss.m_notif_buffer
                0x20009974        0x7 _build/build-tk_kb_18010/ble_dfu.o
 .bss.m_is_dfu_service_initialized
                0x2000997b        0x1 _build/build-tk_kb_18010/ble_dfu.o
 .bss.pnp_id_handles
                0x2000997c        0x8 _build/build-tk_kb_18010/ble_dis.o
 .bss.fw_rev_handles
                0x20009984        0x8 _build/build-tk_kb_18010/ble_dis.o
 .bss.model_num_handles
                0x2000998c        0x8 _build/build-tk_kb_18010/ble_dis.o
 .bss.manufact_name_handles
                0x20009994        0x8 _build/build-tk_kb_18010/ble_dis.o
 .bss.service_handle
                0x2000999c        0x2 _build/build-tk_kb_18010/ble_dis.o
 *fill*         0x2000999e        0x2 
 .bss.m_round_val
                0x200099a0        0x4 _build/build-tk_kb_18010/pstorage_raw.o
 .bss.m_next_app_instance
                0x200099a4        0x4 _build/build-tk_kb_18010/pstorage_raw.o
 .bss.m_app_table
                0x200099a8       0x10 _build/build-tk_kb_18010/pstorage_raw.o
 .bss.m_cmd_queue
                0x200099b8       0xf4 _build/build-tk_kb_18010/pstorage_raw.o
 .bss.m_rtc1_reset
                0x20009aac        0x1 _build/build-tk_kb_18010/app_timer.o
 .bss.m_rtc1_running
                0x20009aad        0x1 _build/build-tk_kb_18010/app_timer.o
 .bss.m_ticks_elapsed_q_write_ind
                0x20009aae        0x1 _build/build-tk_kb_18010/app_timer.o
 .bss.m_ticks_elapsed_q_read_ind
                0x20009aaf        0x1 _build/build-tk_kb_18010/app_timer.o
 .bss.m_ticks_elapsed
                0x20009ab0        0x8 _build/build-tk_kb_18010/app_timer.o
 .bss.m_ticks_latest
                0x20009ab8        0x4 _build/build-tk_kb_18010/app_timer.o
 .bss.mp_timer_id_head
                0x20009abc        0x4 _build/build-tk_kb_18010/app_timer.o
 .bss.m_op_queue
                0x20009ac0      0x10c _build/build-tk_kb_18010/app_timer.o
 .bss.m_queue_size
                0x20009bcc        0x2 _build/build-tk_kb_18010/app_scheduler.o
 .bss.m_queue_event_size
                0x20009bce        0x2 _build/build-tk_kb_18010/app_scheduler.o
 .bss.m_queue_end_index
                0x20009bd0        0x1 _build/build-tk_kb_18010/app_scheduler.o
 .bss.m_queue_start_index
                0x20009bd1        0x1 _build/build-tk_kb_18010/app_scheduler.o
 *fill*         0x20009bd2        0x2 
 .bss.m_queue_event_data
                0x20009bd4        0x4 _build/build-tk_kb_18010/app_scheduler.o
 .bss.m_queue_event_headers
                0x20009bd8        0x4 _build/build-tk_kb_18010/app_scheduler.o
 .bss.nrf_nvic_state
                0x20009bdc        0xc _build/build-tk_kb_18010/app_util_platform.o
                0x20009bdc                nrf_nvic_state
 .bss.m_rx_buffer_queue
                0x20009be8       0x1c _build/build-tk_kb_18010/hci_mem_pool.o
 .bss.m_rx_buffer_elem_queue
                0x20009c04     0x12e0 _build/build-tk_kb_18010/hci_mem_pool.o
 .bss.m_is_tx_allocated
                0x2000aee4        0x1 _build/build-tk_kb_18010/hci_mem_pool.o
 *fill*         0x2000aee5        0x3 
 .bss.m_rx_received_count
                0x2000aee8        0x4 _build/build-tk_kb_18010/hci_slip.o
 .bss.m_rx_buffer_length
                0x2000aeec        0x4 _build/build-tk_kb_18010/hci_slip.o
 .bss.mp_rx_buffer
                0x2000aef0        0x4 _build/build-tk_kb_18010/hci_slip.o
 .bss.m_tx_buffer_index
                0x2000aef4        0x4 _build/build-tk_kb_18010/hci_slip.o
 .bss.m_tx_buffer_length
                0x2000aef8        0x4 _build/build-tk_kb_18010/hci_slip.o
 .bss.mp_tx_buffer
                0x2000aefc        0x4 _build/build-tk_kb_18010/hci_slip.o
 .bss.m_slip_event_handler
                0x2000af00        0x4 _build/build-tk_kb_18010/hci_slip.o
 .bss.m_current_state
                0x2000af04        0x1 _build/build-tk_kb_18010/hci_slip.o
 .bss.ack_packet.0
                0x2000af05        0x4 _build/build-tk_kb_18010/hci_transport.o
 .bss.m_rx_ack_buffer
                0x2000af09        0x5 _build/build-tk_kb_18010/hci_transport.o
 .bss.m_tx_done_result_code
                0x2000af0e        0x1 _build/build-tk_kb_18010/hci_transport.o
 *fill*         0x2000af0f        0x1 
 .bss.m_tx_retry_counter
                0x2000af10        0x4 _build/build-tk_kb_18010/hci_transport.o
 .bss.m_app_timer_id_data
                0x2000af14       0x20 _build/build-tk_kb_18010/hci_transport.o
 .bss.m_is_slip_decode_ready
                0x2000af34        0x1 _build/build-tk_kb_18010/hci_transport.o
 *fill*         0x2000af35        0x3 
 .bss.m_tx_buffer_length
                0x2000af38        0x4 _build/build-tk_kb_18010/hci_transport.o
 .bss.mp_tx_buffer
                0x2000af3c        0x4 _build/build-tk_kb_18010/hci_transport.o
 .bss.m_packet_transmit_seq_number
                0x2000af40        0x4 _build/build-tk_kb_18010/hci_transport.o
 .bss.m_packet_expected_seq_number
                0x2000af44        0x4 _build/build-tk_kb_18010/hci_transport.o
 .bss.mp_slip_used_rx_buffer
                0x2000af48        0x4 _build/build-tk_kb_18010/hci_transport.o
 .bss.m_transport_event_handle
                0x2000af4c        0x4 _build/build-tk_kb_18010/hci_transport.o
 .bss.m_transport_tx_done_handle
                0x2000af50        0x4 _build/build-tk_kb_18010/hci_transport.o
 .bss.m_tx_state
                0x2000af54        0x1 _build/build-tk_kb_18010/hci_transport.o
 *fill*         0x2000af55        0x3 
 .bss._wr_state
                0x2000af58      0x21c _build/build-tk_kb_18010/msc_uf2.o
 .bss._desc_str
                0x2000b174       0x82 _build/build-tk_kb_18010/usb_desc.o
 .bss.desc_str_serial
                0x2000b1f6       0x11 _build/build-tk_kb_18010/usb_desc.o
 .bss._cdc_only
                0x2000b207        0x1 _build/build-tk_kb_18010/usb_desc.o
 .bss._dcd      0x2000b208       0xdc _build/build-tk_kb_18010/dcd_nrf5x.o
 .bss._usbd_q   0x2000b2e4        0x4 _build/build-tk_kb_18010/usbd.o
 .bss._usbd_qdef_buf
                0x2000b2e8       0xc0 _build/build-tk_kb_18010/usbd.o
                0x2000b2e8                _usbd_qdef_buf
 .bss._usbd_initialized
                0x2000b3a8        0x1 _build/build-tk_kb_18010/usbd.o
 .bss._app_driver_count
                0x2000b3a9        0x1 _build/build-tk_kb_18010/usbd.o
 *fill*         0x2000b3aa        0x2 
 .bss._app_driver
                0x2000b3ac        0x4 _build/build-tk_kb_18010/usbd.o
 .bss._usbd_dev
                0x2000b3b0       0x37 _build/build-tk_kb_18010/usbd.o
 *fill*         0x2000b3e7        0x1 
 .bss._usbd_ctrl_buf
                0x2000b3e8       0x40 _build/build-tk_kb_18010/usbd_control.o
 .bss._ctrl_xfer
                0x2000b428       0x14 _build/build-tk_kb_18010/usbd_control.o
 .bss._cdcd_itf
                0x2000b43c      0x8b8 _build/build-tk_kb_18010/cdc_device.o
 .bss._mscd_buf
                0x2000bcf4     0x1000 _build/build-tk_kb_18010/msc_device.o
 .bss._mscd_itf
                0x2000ccf4       0x40 _build/build-tk_kb_18010/msc_device.o
 *(COMMON)
                0x2000cd34                        . = ALIGN (0x4)
                0x2000cd34                        __bss_end__ = .

.heap           0x2000cd38        0x0
                0x2000cd38                        __HeapBase = .
                0x2000cd38                        __end__ = .
                0x2000cd38                        PROVIDE (end = .)
 *(.heap*)
 .heap          0x2000cd38        0x0 _build/build-tk_kb_18010/gcc_startup_nrf52840.o
                0x2000cd38                        __HeapLimit = .

.stack_dummy    0x2000cd38     0x2000
 *(.stack*)
 .stack         0x2000cd38     0x2000 _build/build-tk_kb_18010/gcc_startup_nrf52840.o
                0x20040000                        __StackTop = (ORIGIN (RAM) + LENGTH (RAM))
                0x2003e000                        __StackLimit = (__StackTop - SIZEOF (.stack_dummy))
                0x20040000                        PROVIDE (__stack = __StackTop)
                0x00000001                        ASSERT ((__StackLimit >= __HeapLimit), region RAM overflowed with stack)
                0x000002a0                        DataInitFlashUsed = (__bss_start__ - __data_start__)
                0x00007dc0                        CodeFlashUsed = (__etext - ORIGIN (FLASH))
                0x00008060                        TotalFlashUsed = (CodeFlashUsed + DataInitFlashUsed)
                0x00000001                        ASSERT ((TotalFlashUsed <= LENGTH (FLASH)), region FLASH overflowed with .data and user data)
LOAD _build/build-tk_kb_18010/dfu_ble_svc.o
LOAD _build/build-tk_kb_18010/dfu_init.o
LOAD _build/build-tk_kb_18010/flash_nrf5x.o
LOAD _build/build-tk_kb_18010/main.o
LOAD _build/build-tk_kb_18010/screen.o
LOAD _build/build-tk_kb_18010/images.o
LOAD _build/build-tk_kb_18010/boards.o
LOAD _build/build-tk_kb_18010/nrfx_power.o
LOAD _build/build-tk_kb_18010/nrfx_nvmc.o
LOAD _build/build-tk_kb_18010/system_nrf52840.o
LOAD _build/build-tk_kb_18010/bootloader.o
LOAD _build/build-tk_kb_18010/bootloader_settings.o
LOAD _build/build-tk_kb_18010/bootloader_util.o
LOAD _build/build-tk_kb_18010/dfu_transport_serial.o
LOAD _build/build-tk_kb_18010/dfu_transport_ble.o
LOAD _build/build-tk_kb_18010/dfu_single_bank.o
LOAD _build/build-tk_kb_18010/ble_dfu.o
LOAD _build/build-tk_kb_18010/ble_dis.o
LOAD _build/build-tk_kb_18010/pstorage_raw.o
LOAD _build/build-tk_kb_18010/app_timer.o
LOAD _build/build-tk_kb_18010/app_scheduler.o
LOAD _build/build-tk_kb_18010/app_error.o
LOAD _build/build-tk_kb_18010/app_util_platform.o
LOAD _build/build-tk_kb_18010/crc16.o
LOAD _build/build-tk_kb_18010/hci_mem_pool.o
LOAD _build/build-tk_kb_18010/hci_slip.o
LOAD _build/build-tk_kb_18010/hci_transport.o
LOAD _build/build-tk_kb_18010/nrf_assert.o
LOAD _build/build-tk_kb_18010/pinconfig.o
LOAD _build/build-tk_kb_18010/msc_uf2.o
LOAD _build/build-tk_kb_18010/usb_desc.o
LOAD _build/build-tk_kb_18010/usb.o
LOAD _build/build-tk_kb_18010/ghostfat.o
LOAD _build/build-tk_kb_18010/dcd_nrf5x.o
LOAD _build/build-tk_kb_18010/tusb_fifo.o
LOAD _build/build-tk_kb_18010/usbd.o
LOAD _build/build-tk_kb_18010/usbd_control.o
LOAD _build/build-tk_kb_18010/cdc_device.o
LOAD _build/build-tk_kb_18010/msc_device.o
LOAD _build/build-tk_kb_18010/tusb.o
LOAD _build/build-tk_kb_18010/gcc_startup_nrf52840.o
START GROUP
LOAD /usr/lib/gcc/arm-none-eabi/13.2.1/../../../arm-none-eabi/lib/thumb/v7e-m+fp/hard/libm.a
LOAD /usr/lib/gcc/arm-none-eabi/13.2.1/../../../arm-none-eabi/lib/thumb/v7e-m+fp/hard/libc_nano.a
END GROUP
START GROUP
LOAD /usr/lib/gcc/arm-none-eabi/13.2.1/thumb/v7e-m+fp/hard/libgcc.a
LOAD /usr/lib/gcc/arm-none-eabi/13.2.1/../../../arm-none-eabi/lib/thumb/v7e-m+fp/hard/libg_nano.a
LOAD /usr/lib/gcc/arm-none-eabi/13.2.1/../../../arm-none-eabi/lib/thumb/v7e-m+fp/hard/libc_nano.a
END GROUP
START GROUP
LOAD /usr/lib/gcc/arm-none-eabi/13.2.1/thumb/v7e-m+fp/hard/libgcc.a
LOAD /usr/lib/gcc/arm-none-eabi/13.2.1/../../../arm-none-eabi/lib/thumb/v7e-m+fp/hard/libc_nano.a
LOAD /usr/lib/gcc/arm-none-eabi/13.2.1/../../../arm-none-eabi/lib/thumb/v7e-m+fp/hard/libnosys.a
END GROUP
START GROUP
LOAD /usr/lib/gcc/arm-none-eabi/13.2.1/thumb/v7e-m+fp/hard/libgcc.a
LOAD /usr/lib/gcc/arm-none-eabi/13.2.1/../../../arm-none-eabi/lib/thumb/v7e-m+fp/hard/libc_nano.a
LOAD /usr/lib/gcc/arm-none-eabi/13.2.1/../../../arm-none-eabi/lib/thumb/v7e-m+fp/hard/libnosys.a
END GROUP
LOAD /usr/lib/gcc/arm-none-eabi/13.2.1/thumb/v7e-m+fp/hard/crtend.o
LOAD /usr/lib/gcc/arm-none-eabi/13.2.1/thumb/v7e-m+fp/hard/crtn.o
OUTPUT(_build/build-tk_kb_18010/tk_kb_18010_bootloader-0.9.2.out elf32-littlearm)
LOAD linker stubs

.ARM.attributes
                0x00000000       0x30
 .ARM.attributes
                0x00000000       0x22 /usr/lib/gcc/arm-none-eabi/13.2.1/thumb/v7e-m+fp/hard/crti.o
 .ARM.attributes
                0x00000022       0x34 /usr/lib/gcc/arm-none-eabi/13.2.1/thumb/v7e-m+fp/hard/crtbegin.o
 .ARM.attributes
                0x00000056       0x20 /usr/lib/gcc/arm-none-eabi/13.2.1/../../../arm-none-eabi/lib/thumb/v7e-m+fp/hard/crt0.o
 .ARM.attributes
                0x00000076       0x34 /usr/lib/gcc/arm-none-eabi/13.2.1/../../../arm-none-eabi/lib/thumb/v7e-m+fp/hard/libc.a(libc_a-memset.o)
 .ARM.attributes
                0x000000aa       0x34 /usr/lib/gcc/arm-none-eabi/13.2.1/../../../arm-none-eabi/lib/thumb/v7e-m+fp/hard/libc.a(libc_a-init.o)
 .ARM.attributes
                0x000000de       0x34 /usr/lib/gcc/arm-none-eabi/13.2.1/../../../arm-none-eabi/lib/thumb/v7e-m+fp/hard/libc.a(libc_a-exit.o)
 .ARM.attributes
                0x00000112       0x34 /usr/lib/gcc/arm-none-eabi/13.2.1/../../../arm-none-eabi/lib/thumb/v7e-m+fp/hard/libc.a(libc_a-atexit.o)
 .ARM.attributes
                0x00000146       0x34 /usr/lib/gcc/arm-none-eabi/13.2.1/../../../arm-none-eabi/lib/thumb/v7e-m+fp/hard/libc.a(libc_a-fini.o)
 .ARM.attributes
                0x0000017a       0x34 /usr/lib/gcc/arm-none-eabi/13.2.1/../../../arm-none-eabi/lib/thumb/v7e-m+fp/hard/libc.a(libc_a-__call_atexit.o)
 .ARM.attributes
                0x000001ae       0x34 /usr/lib/gcc/arm-none-eabi/13.2.1/../../../arm-none-eabi/lib/thumb/v7e-m+fp/hard/libc.a(libc_a-__atexit.o)
 .ARM.attributes
                0x000001e2       0x34 /usr/lib/gcc/arm-none-eabi/13.2.1/../../../arm-none-eabi/lib/thumb/v7e-m+fp/hard/libc.a(libc_a-findfp.o)
 .ARM.attributes
                0x00000216       0x34 /usr/lib/gcc/arm-none-eabi/13.2.1/../../../arm-none-eabi/lib/thumb/v7e-m+fp/hard/libnosys.a(_exit.o)
 .ARM.attributes
                0x0000024a       0x34 _build/build-tk_kb_18010/dfu_ble_svc.o
 .ARM.attributes
                0x0000027e       0x34 _build/build-tk_kb_18010/dfu_init.o
 .ARM.attributes
                0x000002b2       0x34 _build/build-tk_kb_18010/flash_nrf5x.o
 .ARM.attributes
                0x000002e6       0x34 _build/build-tk_kb_18010/main.o
 .ARM.attributes
                0x0000031a       0x34 _build/build-tk_kb_18010/boards.o
 .ARM.attributes
                0x0000034e       0x34 _build/build-tk_kb_18010/nrfx_power.o
 .ARM.attributes
                0x00000382       0x34 _build/build-tk_kb_18010/nrfx_nvmc.o
 .ARM.attributes
                0x000003b6       0x34 _build/build-tk_kb_18010/system_nrf52840.o
 .ARM.attributes
                0x000003ea       0x34 _build/build-tk_kb_18010/bootloader.o
 .ARM.attributes
                0x0000041e       0x34 _build/build-tk_kb_18010/bootloader_settings.o
 .ARM.attributes
                0x00000452       0x34 _build/build-tk_kb_18010/bootloader_util.o
 .ARM.attributes
                0x00000486       0x34 _build/build-tk_kb_18010/dfu_transport_serial.o
 .ARM.attributes
                0x000004ba       0x34 _build/build-tk_kb_18010/dfu_transport_ble.o
 .ARM.attributes
                0x000004ee       0x34 _build/build-tk_kb_18010/dfu_single_bank.o
 .ARM.attributes
                0x00000522       0x34 _build/build-tk_kb_18010/ble_dfu.o
 .ARM.attributes
                0x00000556       0x34 _build/build-tk_kb_18010/ble_dis.o
 .ARM.attributes
                0x0000058a       0x34 _build/build-tk_kb_18010/pstorage_raw.o
 .ARM.attributes
                0x000005be       0x34 _build/build-tk_kb_18010/app_timer.o
 .ARM.attributes
                0x000005f2       0x34 _build/build-tk_kb_18010/app_scheduler.o
 .ARM.attributes
                0x00000626       0x34 _build/build-tk_kb_18010/app_error.o
 .ARM.attributes
                0x0000065a       0x34 _build/build-tk_kb_18010/app_util_platform.o
 .ARM.attributes
                0x0000068e       0x34 _build/build-tk_kb_18010/crc16.o
 .ARM.attributes
                0x000006c2       0x34 _build/build-tk_kb_18010/hci_mem_pool.o
 .ARM.attributes
                0x000006f6       0x34 _build/build-tk_kb_18010/hci_slip.o
 .ARM.attributes
                0x0000072a       0x34 _build/build-tk_kb_18010/hci_transport.o
 .ARM.attributes
                0x0000075e       0x34 _build/build-tk_kb_18010/pinconfig.o
 .ARM.attributes
                0x00000792       0x34 _build/build-tk_kb_18010/msc_uf2.o
 .ARM.attributes
                0x000007c6       0x34 _build/build-tk_kb_18010/usb_desc.o
 .ARM.attributes
                0x000007fa       0x34 _build/build-tk_kb_18010/usb.o
 .ARM.attributes
                0x0000082e       0x34 _build/build-tk_kb_18010/ghostfat.o
 .ARM.attributes
                0x00000862       0x34 _build/build-tk_kb_18010/dcd_nrf5x.o
 .ARM.attributes
                0x00000896       0x34 _build/build-tk_kb_18010/tusb_fifo.o
 .ARM.attributes
                0x000008ca       0x34 _build/build-tk_kb_18010/usbd.o
 .ARM.attributes
                0x000008fe       0x34 _build/build-tk_kb_18010/usbd_control.o
 .ARM.attributes
                0x00000932       0x34 _build/build-tk_kb_18010/cdc_device.o
 .ARM.attributes
                0x00000966       0x34 _build/build-tk_kb_18010/msc_device.o
 .ARM.attributes
                0x0000099a       0x34 _build/build-tk_kb_18010/tusb.o
 .ARM.attributes
                0x000009ce       0x20 _build/build-tk_kb_18010/gcc_startup_nrf52840.o
 .ARM.attributes
                0x000009ee       0x34 /usr/lib/gcc/arm-none-eabi/13.2.1/../../../arm-none-eabi/lib/thumb/v7e-m+fp/hard/libc_nano.a(libc_a-strcat.o)
 .ARM.attributes
                0x00000a22       0x34 /usr/lib/gcc/arm-none-eabi/13.2.1/../../../arm-none-eabi/lib/thumb/v7e-m+fp/hard/libc_nano.a(libc_a-strcpy.o)
 .ARM.attributes
                0x00000a56       0x34 /usr/lib/gcc/arm-none-eabi/13.2.1/../../../arm-none-eabi/lib/thumb/v7e-m+fp/hard/libc_nano.a(libc_a-utoa.o)
 .ARM.attributes
                0x00000a8a       0x1c /usr/lib/gcc/arm-none-eabi/13.2.1/../../../arm-none-eabi/lib/thumb/v7e-m+fp/hard/libc_nano.a(libc_a-strlen.o)
 .ARM.attributes
                0x00000aa6       0x34 /usr/lib/gcc/arm-none-eabi/13.2.1/../../../arm-none-eabi/lib/thumb/v7e-m+fp/hard/libc_nano.a(libc_a-memmove.o)
 .ARM.attributes
                0x00000ada       0x20 /usr/lib/gcc/arm-none-eabi/13.2.1/../../../arm-none-eabi/lib/thumb/v7e-m+fp/hard/libc_nano.a(libc_a-memcpy.o)
 .ARM.attributes
                0x00000afa       0x34 /usr/lib/gcc/arm-none-eabi/13.2.1/../../../arm-none-eabi/lib/thumb/v7e-m+fp/hard/libc_nano.a(libc_a-memcmp.o)
 .ARM.attributes
                0x00000b2e       0x22 /usr/lib/gcc/arm-none-eabi/13.2.1/thumb/v7e-m+fp/hard/libgcc.a(_aeabi_uldivmod.o)
 .ARM.attributes
                0x00000b50       0x34 /usr/lib/gcc/arm-none-eabi/13.2.1/thumb/v7e-m+fp/hard/libgcc.a(_udivmoddi4.o)
 .ARM.attributes
                0x00000b84       0x22 /usr/lib/gcc/arm-none-eabi/13.2.1/thumb/v7e-m+fp/hard/libgcc.a(_dvmd_tls.o)
 .ARM.attributes
                0x00000ba6       0x34 /usr/lib/gcc/arm-none-eabi/13.2.1/thumb/v7e-m+fp/hard/crtend.o
 .ARM.attributes
                0x00000bda       0x22 /usr/lib/gcc/arm-none-eabi/13.2.1/thumb/v7e-m+fp/hard/crtn.o

.comment        0x00000000       0x26
 .comment       0x00000000       0x26 /usr/lib/gcc/arm-none-eabi/13.2.1/thumb/v7e-m+fp/hard/crtbegin.o
                                 0x27 (size before relaxing)
 .comment       0x00000026       0x27 /usr/lib/gcc/arm-none-eabi/13.2.1/../../../arm-none-eabi/lib/thumb/v7e-m+fp/hard/libc.a(libc_a-memset.o)
 .comment       0x00000026       0x27 /usr/lib/gcc/arm-none-eabi/13.2.1/../../../arm-none-eabi/lib/thumb/v7e-m+fp/hard/libc.a(libc_a-init.o)
 .comment       0x00000026       0x27 /usr/lib/gcc/arm-none-eabi/13.2.1/../../../arm-none-eabi/lib/thumb/v7e-m+fp/hard/libc.a(libc_a-exit.o)
 .comment       0x00000026       0x27 /usr/lib/gcc/arm-none-eabi/13.2.1/../../../arm-none-eabi/lib/thumb/v7e-m+fp/hard/libc.a(libc_a-atexit.o)
 .comment       0x00000026       0x27 /usr/lib/gcc/arm-none-eabi/13.2.1/../../../arm-none-eabi/lib/thumb/v7e-m+fp/hard/libc.a(libc_a-fini.o)
 .comment       0x00000026       0x27 /usr/lib/gcc/arm-none-eabi/13.2.1/../../../arm-none-eabi/lib/thumb/v7e-m+fp/hard/libc.a(libc_a-__call_atexit.o)
 .comment       0x00000026       0x27 /usr/lib/gcc/arm-none-eabi/13.2.1/../../../arm-none-eabi/lib/thumb/v7e-m+fp/hard/libc.a(libc_a-__atexit.o)
 .comment       0x00000026       0x27 /usr/lib/gcc/arm-none-eabi/13.2.1/../../../arm-none-eabi/lib/thumb/v7e-m+fp/hard/libc.a(libc_a-findfp.o)
 .comment       0x00000026       0x27 /usr/lib/gcc/arm-none-eabi/13.2.1/../../../arm-none-eabi/lib/thumb/v7e-m+fp/hard/libnosys.a(_exit.o)
 .comment       0x00000026       0x27 _build/build-tk_kb_18010/dfu_ble_svc.o
 .comment       0x00000026       0x27 _build/build-tk_kb_18010/dfu_init.o
 .comment       0x00000026       0x27 _build/build-tk_kb_18010/flash_nrf5x.o
 .comment       0x00000026       0x27 _build/build-tk_kb_18010/main.o
 .comment       0x00000026       0x27 _build/build-tk_kb_18010/boards.o
 .comment       0x00000026       0x27 _build/build-tk_kb_18010/nrfx_power.o
 .comment       0x00000026       0x27 _build/build-tk_kb_18010/nrfx_nvmc.o
 .comment       0x00000026       0x27 _build/build-tk_kb_18010/system_nrf52840.o
 .comment       0x00000026       0x27 _build/build-tk_kb_18010/bootloader.o
 .comment       0x00000026       0x27 _build/build-tk_kb_18010/bootloader_settings.o
 .comment       0x00000026       0x27 _build/build-tk_kb_18010/bootloader_util.o
 .comment       0x00000026       0x27 _build/build-tk_kb_18010/dfu_transport_serial.o
 .comment       0x00000026       0x27 _build/build-tk_kb_18010/dfu_transport_ble.o
 .comment       0x00000026       0x27 _build/build-tk_kb_18010/dfu_single_bank.o
 .comment       0x00000026       0x27 _build/build-tk_kb_18010/ble_dfu.o
 .comment       0x00000026       0x27 _build/build-tk_kb_18010/ble_dis.o
 .comment       0x00000026       0x27 _build/build-tk_kb_18010/pstorage_raw.o
 .comment       0x00000026       0x27 _build/build-tk_kb_18010/app_timer.o
 .comment       0x00000026       0x27 _build/build-tk_kb_18010/app_scheduler.o
 .comment       0x00000026       0x27 _build/build-tk_kb_18010/app_error.o
 .comment       0x00000026       0x27 _build/build-tk_kb_18010/app_util_platform.o
 .comment       0x00000026       0x27 _build/build-tk_kb_18010/crc16.o
 .comment       0x00000026       0x27 _build/build-tk_kb_18010/hci_mem_pool.o
 .comment       0x00000026       0x27 _build/build-tk_kb_18010/hci_slip.o
 .comment       0x00000026       0x27 _build/build-tk_kb_18010/hci_transport.o
 .comment       0x00000026       0x27 _build/build-tk_kb_18010/pinconfig.o
 .comment       0x00000026       0x27 _build/build-tk_kb_18010/msc_uf2.o
 .comment       0x00000026       0x27 _build/build-tk_kb_18010/usb_desc.o
 .comment       0x00000026       0x27 _build/build-tk_kb_18010/usb.o
 .comment       0x00000026       0x27 _build/build-tk_kb_18010/ghostfat.o
 .comment       0x00000026       0x27 _build/build-tk_kb_18010/dcd_nrf5x.o
 .comment       0x00000026       0x27 _build/build-tk_kb_18010/tusb_fifo.o
 .comment       0x00000026       0x27 _build/build-tk_kb_18010/usbd.o
 .comment       0x00000026       0x27 _build/build-tk_kb_18010/usbd_control.o